#
# There is insufficient memory for the Java Runtime Environment to continue.
# Native memory allocation (malloc) failed to allocate 2097152 bytes. Error detail: AllocateHeap
# Possible reasons:
#   The system is out of physical RAM or swap space
#   This process is running with CompressedOops enabled, and the Java Heap may be blocking the growth of the native heap
# Possible solutions:
#   Reduce memory load on the system
#   Increase physical memory or swap space
#   Check if swap backing store is full
#   Decrease Java heap size (-Xmx/-Xms)
#   Decrease number of Java threads
#   Decrease Java thread stack sizes (-Xss)
#   Set larger code cache with -XX:ReservedCodeCacheSize=
#   JVM is running with Zero Based Compressed Oops mode in which the Java heap is
#     placed in the first 32GB address space. The Java Heap base address is the
#     maximum limit for the native heap growth. Please use -XX:HeapBaseMinAddress
#     to set the Java Heap base and to place the Java Heap above 32GB virtual address.
# This output file may be truncated or incomplete.
#
#  Out of Memory Error (allocation.cpp:44), pid=9500, tid=9244
#
# JRE version: OpenJDK Runtime Environment Temurin-21.0.6+7 (21.0.6+7) (build 21.0.6+7-LTS)
# Java VM: OpenJDK 64-Bit Server VM Temurin-21.0.6+7 (21.0.6+7-LTS, mixed mode, emulated-client, sharing, tiered, compressed oops, compressed class ptrs, g1 gc, windows-amd64)
# No core dump will be written. Minidumps are not enabled by default on client versions of Windows
#

---------------  S U M M A R Y ------------

Command Line: -Dcom.sun.management.jmxremote -Dcom.sun.management.jmxremote.port=62487 -Dcom.sun.management.jmxremote.authenticate=false -Dcom.sun.management.jmxremote.ssl=false -Djava.rmi.server.hostname=localhost -Dspring.jmx.enabled=true -Dmanagement.endpoints.jmx.exposure.include=* -Dspring.application.admin.enabled=true -Dspring.output.ansi.enabled=always -XX:TieredStopAtLevel=1 -Dspring.boot.project.name=spring_boot_backend -Dfile.encoding=UTF-8 -Dstdout.encoding=UTF-8 -Dstderr.encoding=UTF-8 -XX:+ShowCodeDetailsInExceptionMessages com.backend.Application

Host: 13th Gen Intel(R) Core(TM) i5-1335U, 12 cores, 15G,  Windows 11 , 64 bit Build 26100 (10.0.26100.7623)
Time: Thu Jan 29 03:05:30 2026 India Standard Time elapsed time: 8532.420393 seconds (0d 2h 22m 12s)

---------------  T H R E A D  ---------------

Current thread (0x000001b3bfe44660):  VMThread "VM Thread"          [id=9244, stack(0x0000009de6900000,0x0000009de6a00000) (1024K)]

Stack: [0x0000009de6900000,0x0000009de6a00000]
Native frames: (J=compiled Java code, j=interpreted, Vv=VM code, C=native code)
V  [jvm.dll+0x6cdee9]
V  [jvm.dll+0x8a83d1]
V  [jvm.dll+0x8aa8fe]
V  [jvm.dll+0x8aafe3]
V  [jvm.dll+0x27f706]
V  [jvm.dll+0xbfb37]
V  [jvm.dll+0x34679e]
V  [jvm.dll+0x34111e]
V  [jvm.dll+0x329a18]
V  [jvm.dll+0x36bca4]
V  [jvm.dll+0x8b0cff]
V  [jvm.dll+0x8b2084]
V  [jvm.dll+0x8b25c0]
V  [jvm.dll+0x8b2863]
V  [jvm.dll+0x851f8b]
V  [jvm.dll+0x6cc5ed]
C  [ucrtbase.dll+0x37b0]
C  [KERNEL32.DLL+0x2e8d7]
C  [ntdll.dll+0x8c53c]

VM_Operation (0x0000009de8eff4a0): G1CollectFull, mode: safepoint, requested by thread 0x000001b4064f4980


---------------  P R O C E S S  ---------------

Threads class SMR info:
_java_thread_list=0x000001b40e432310, length=31, elements={
0x000001b3c02a4090, 0x000001b3c02a47f0, 0x000001b3c02a82e0, 0x000001b3c02a8d30,
0x000001b3c02aacd0, 0x000001b3c02af320, 0x000001b3c02c7d90, 0x000001b3c03acda0,
0x000001b3c03ab9f0, 0x000001b3c03ac080, 0x000001b3c03ac710, 0x000001b3c03ab360,
0x000001b3c03aacd0, 0x000001b4064f56a0, 0x000001b4064f5010, 0x000001b4064f9840,
0x000001b4091c4420, 0x000001b4064f5d30, 0x000001b4064f63c0, 0x000001b4091c4ab0,
0x000001b4091c64f0, 0x000001b4091c3700, 0x000001b4091c57d0, 0x000001b4091c5e60,
0x000001b4064f7770, 0x000001b4064f7e00, 0x000001b4091c3d90, 0x000001b4064f70e0,
0x000001b4064f6a50, 0x000001b40e12c380, 0x000001b4064f4980
}

Java Threads: ( => current thread )
  0x000001b3c02a4090 JavaThread "Reference Handler"          daemon [_thread_blocked, id=21820, stack(0x0000009de6a00000,0x0000009de6b00000) (1024K)]
  0x000001b3c02a47f0 JavaThread "Finalizer"                  daemon [_thread_blocked, id=3364, stack(0x0000009de6b00000,0x0000009de6c00000) (1024K)]
  0x000001b3c02a82e0 JavaThread "Signal Dispatcher"          daemon [_thread_blocked, id=6408, stack(0x0000009de6c00000,0x0000009de6d00000) (1024K)]
  0x000001b3c02a8d30 JavaThread "Attach Listener"            daemon [_thread_blocked, id=21592, stack(0x0000009de6d00000,0x0000009de6e00000) (1024K)]
  0x000001b3c02aacd0 JavaThread "Service Thread"             daemon [_thread_blocked, id=16064, stack(0x0000009de6e00000,0x0000009de6f00000) (1024K)]
  0x000001b3c02af320 JavaThread "Monitor Deflation Thread"   daemon [_thread_blocked, id=16380, stack(0x0000009de6f00000,0x0000009de7000000) (1024K)]
  0x000001b3c02c7d90 JavaThread "C1 CompilerThread0"         daemon [_thread_blocked, id=22044, stack(0x0000009de7000000,0x0000009de7100000) (1024K)]
  0x000001b3c03acda0 JavaThread "Common-Cleaner"             daemon [_thread_blocked, id=5032, stack(0x0000009de7100000,0x0000009de7200000) (1024K)]
  0x000001b3c03ab9f0 JavaThread "Notification Thread"        daemon [_thread_blocked, id=9792, stack(0x0000009de7500000,0x0000009de7600000) (1024K)]
  0x000001b3c03ac080 JavaThread "RMI TCP Accept-0"           daemon [_thread_in_native, id=17344, stack(0x0000009de7600000,0x0000009de7700000) (1024K)]
  0x000001b3c03ac710 JavaThread "RMI TCP Accept-62487"       daemon [_thread_in_native, id=17000, stack(0x0000009de7700000,0x0000009de7800000) (1024K)]
  0x000001b3c03ab360 JavaThread "RMI TCP Accept-0"           daemon [_thread_in_native, id=12132, stack(0x0000009de7800000,0x0000009de7900000) (1024K)]
  0x000001b3c03aacd0 JavaThread "RMI Scheduler(0)"           daemon [_thread_blocked, id=22396, stack(0x0000009de8500000,0x0000009de8600000) (1024K)]
  0x000001b4064f56a0 JavaThread "JMX server connection timeout 40" daemon [_thread_blocked, id=13412, stack(0x0000009de8700000,0x0000009de8800000) (1024K)]
  0x000001b4064f5010 JavaThread "mysql-cj-abandoned-connection-cleanup" daemon [_thread_blocked, id=19632, stack(0x0000009de8d00000,0x0000009de8e00000) (1024K)]
  0x000001b4064f9840 JavaThread "Live Reload Server"         daemon [_thread_in_native, id=11168, stack(0x0000009de9300000,0x0000009de9400000) (1024K)]
  0x000001b4091c4420 JavaThread "DestroyJavaVM"                     [_thread_blocked, id=15576, stack(0x0000009de6200000,0x0000009de6300000) (1024K)]
  0x000001b4064f5d30 JavaThread "File Watcher"               daemon [_thread_blocked, id=12536, stack(0x0000009de6000000,0x0000009de6100000) (1024K)]
  0x000001b4064f63c0 JavaThread "File Watcher"               daemon [_thread_blocked, id=16388, stack(0x0000009de6100000,0x0000009de6200000) (1024K)]
  0x000001b4091c4ab0 JavaThread "File Watcher"               daemon [_thread_blocked, id=4332, stack(0x0000009de7200000,0x0000009de7300000) (1024K)]
  0x000001b4091c64f0 JavaThread "File Watcher"               daemon [_thread_blocked, id=4496, stack(0x0000009de7300000,0x0000009de7400000) (1024K)]
  0x000001b4091c3700 JavaThread "File Watcher"               daemon [_thread_blocked, id=3292, stack(0x0000009de7400000,0x0000009de7500000) (1024K)]
  0x000001b4091c57d0 JavaThread "File Watcher"               daemon [_thread_blocked, id=18648, stack(0x0000009de8000000,0x0000009de8100000) (1024K)]
  0x000001b4091c5e60 JavaThread "File Watcher"               daemon [_thread_blocked, id=23624, stack(0x0000009de8100000,0x0000009de8200000) (1024K)]
  0x000001b4064f7770 JavaThread "File Watcher"               daemon [_thread_blocked, id=23440, stack(0x0000009de8600000,0x0000009de8700000) (1024K)]
  0x000001b4064f7e00 JavaThread "File Watcher"               daemon [_thread_blocked, id=6900, stack(0x0000009de8200000,0x0000009de8300000) (1024K)]
  0x000001b4091c3d90 JavaThread "File Watcher"               daemon [_thread_blocked, id=2588, stack(0x0000009de8b00000,0x0000009de8c00000) (1024K)]
  0x000001b4064f70e0 JavaThread "File Watcher"               daemon [_thread_blocked, id=17300, stack(0x0000009de8c00000,0x0000009de8d00000) (1024K)]
  0x000001b4064f6a50 JavaThread "RMI TCP Connection(213)-127.0.0.1" daemon [_thread_in_native, id=4204, stack(0x0000009dea800000,0x0000009dea900000) (1024K)]
  0x000001b40e12c380 JavaThread "C1 CompilerThread1"         daemon [_thread_blocked, id=2848, stack(0x0000009de5f00000,0x0000009de6000000) (1024K)]
  0x000001b4064f4980 JavaThread "Thread-104"                        [_thread_blocked, id=18296, stack(0x0000009de8e00000,0x0000009de8f00000) (1024K)]
Total: 31

Other Threads:
=>0x000001b3bfe44660 VMThread "VM Thread"                           [id=9244, stack(0x0000009de6900000,0x0000009de6a00000) (1024K)]
  0x000001b3bfe32e80 WatcherThread "VM Periodic Task Thread"        [id=21652, stack(0x0000009de6800000,0x0000009de6900000) (1024K)]
  0x000001b3b1a95e60 WorkerThread "GC Thread#0"                     [id=20520, stack(0x0000009de6300000,0x0000009de6400000) (1024K)]
  0x000001b3c0ad6590 WorkerThread "GC Thread#1"                     [id=8492, stack(0x0000009de7900000,0x0000009de7a00000) (1024K)]
  0x000001b3c0ad6930 WorkerThread "GC Thread#2"                     [id=10936, stack(0x0000009de7a00000,0x0000009de7b00000) (1024K)]
  0x000001b3c0ad6cd0 WorkerThread "GC Thread#3"                     [id=6556, stack(0x0000009de7b00000,0x0000009de7c00000) (1024K)]
  0x000001b3c0ad7070 WorkerThread "GC Thread#4"                     [id=10808, stack(0x0000009de7c00000,0x0000009de7d00000) (1024K)]
  0x000001b3c0ad7410 WorkerThread "GC Thread#5"                     [id=11656, stack(0x0000009de7d00000,0x0000009de7e00000) (1024K)]
  0x000001b3c0b3bc10 WorkerThread "GC Thread#6"                     [id=17464, stack(0x0000009de7e00000,0x0000009de7f00000) (1024K)]
  0x000001b3c0b3bfb0 WorkerThread "GC Thread#7"                     [id=4596, stack(0x0000009de7f00000,0x0000009de8000000) (1024K)]
  0x000001b4064aca30 WorkerThread "GC Thread#8"                     [id=19744, stack(0x0000009de8300000,0x0000009de8400000) (1024K)]
  0x000001b4064de560 WorkerThread "GC Thread#9"                     [id=13992, stack(0x0000009de8400000,0x0000009de8500000) (1024K)]
  0x000001b3b1aa6a40 ConcurrentGCThread "G1 Main Marker"            [id=22240, stack(0x0000009de6400000,0x0000009de6500000) (1024K)]
  0x000001b3b1aa97c0 WorkerThread "G1 Conc#0"                       [id=12124, stack(0x0000009de6500000,0x0000009de6600000) (1024K)]
  0x000001b4064c1990 WorkerThread "G1 Conc#1"                       [id=16368, stack(0x0000009de8900000,0x0000009de8a00000) (1024K)]
  0x000001b4064c15f0 WorkerThread "G1 Conc#2"                       [id=7572, stack(0x0000009de8a00000,0x0000009de8b00000) (1024K)]
  0x000001b3bfd02880 ConcurrentGCThread "G1 Refine#0"               [id=12848, stack(0x0000009de6600000,0x0000009de6700000) (1024K)]
  0x000001b3bfd050b0 ConcurrentGCThread "G1 Service"                [id=12980, stack(0x0000009de6700000,0x0000009de6800000) (1024K)]
Total: 18

Threads with active compile tasks:
Total: 0

VM state: at safepoint (normal execution)

VM Mutex/Monitor currently owned by a thread:  ([mutex/lock_event])
[0x00007ffc709ce380] Threads_lock - owner thread: 0x000001b3bfe44660
[0x00007ffc709ce480] Heap_lock - owner thread: 0x000001b4064f4980

Heap address: 0x0000000704e00000, size: 4018 MB, Compressed Oops mode: Zero based, Oop shift amount: 3

CDS archive(s) mapped at: [0x000001b3c1000000-0x000001b3c1c80000-0x000001b3c1c80000), size 13107200, SharedBaseAddress: 0x000001b3c1000000, ArchiveRelocationMode: 1.
Compressed class space mapped at: 0x000001b3c2000000-0x000001b402000000, reserved size: 1073741824
Narrow klass base: 0x000001b3c1000000, Narrow klass shift: 0, Narrow klass range: 0x100000000

GC Precious Log:
 CardTable entry size: 512
 Card Set container configuration: InlinePtr #cards 4 size 8 Array Of Cards #cards 16 size 48 Howl #buckets 8 coarsen threshold 3686 Howl Bitmap #cards 512 size 80 coarsen threshold 460 Card regions per heap region 1 cards per card region 4096
 CPUs: 12 total, 12 available
 Memory: 16067M
 Large Page Support: Disabled
 NUMA Support: Disabled
 Compressed Oops: Enabled (Zero based)
 Heap Region Size: 2M
 Heap Min Capacity: 8M
 Heap Initial Capacity: 252M
 Heap Max Capacity: 4018M
 Pre-touch: Disabled
 Parallel Workers: 10
 Concurrent Workers: 3
 Concurrent Refinement Workers: 10
 Periodic GC: Disabled

Heap:
 garbage-first heap   total 151552K, used 124242K [0x0000000704e00000, 0x0000000800000000)
  region size 2048K, 36 young (73728K), 1 survivors (2048K)
 Metaspace       used 94303K, committed 99840K, reserved 1179648K
  class space    used 13347K, committed 14976K, reserved 1048576K

Heap Regions: E=young(eden), S=young(survivor), O=old, HS=humongous(starts), HC=humongous(continues), CS=collection set, F=free, TAMS=top-at-mark-start, PB=parsable bottom
|   0|0x0000000704e00000, 0x0000000704ffffd8, 0x0000000705000000| 99%| O|  |TAMS 0x0000000704e00000| PB 0x0000000704e00000| Untracked 
|   1|0x0000000705000000, 0x0000000705200000, 0x0000000705200000|100%| O|  |TAMS 0x0000000705000000| PB 0x0000000705000000| Untracked 
|   2|0x0000000705200000, 0x00000007053ffff8, 0x0000000705400000| 99%| O|  |TAMS 0x0000000705200000| PB 0x0000000705200000| Untracked 
|   3|0x0000000705400000, 0x0000000705600000, 0x0000000705600000|100%| O|  |TAMS 0x0000000705400000| PB 0x0000000705400000| Untracked 
|   4|0x0000000705600000, 0x0000000705800000, 0x0000000705800000|100%| O|  |TAMS 0x0000000705600000| PB 0x0000000705600000| Untracked 
|   5|0x0000000705800000, 0x00000007059ffff8, 0x0000000705a00000| 99%| O|  |TAMS 0x0000000705800000| PB 0x0000000705800000| Untracked 
|   6|0x0000000705a00000, 0x0000000705bffd10, 0x0000000705c00000| 99%| O|  |TAMS 0x0000000705a00000| PB 0x0000000705a00000| Untracked 
|   7|0x0000000705c00000, 0x0000000705dffff8, 0x0000000705e00000| 99%| O|  |TAMS 0x0000000705c00000| PB 0x0000000705c00000| Untracked 
|   8|0x0000000705e00000, 0x0000000705fffff8, 0x0000000706000000| 99%| O|  |TAMS 0x0000000705e00000| PB 0x0000000705e00000| Untracked 
|   9|0x0000000706000000, 0x0000000706200000, 0x0000000706200000|100%| O|  |TAMS 0x0000000706000000| PB 0x0000000706000000| Untracked 
|  10|0x0000000706200000, 0x00000007063fff50, 0x0000000706400000| 99%| O|  |TAMS 0x0000000706200000| PB 0x0000000706200000| Untracked 
|  11|0x0000000706400000, 0x0000000706600000, 0x0000000706600000|100%| O|  |TAMS 0x0000000706400000| PB 0x0000000706400000| Untracked 
|  12|0x0000000706600000, 0x00000007067bb440, 0x0000000706800000| 86%| O|Cm|TAMS 0x0000000706600000| PB 0x0000000706600000| Complete 
|  13|0x0000000706800000, 0x0000000706a00000, 0x0000000706a00000|100%| O|  |TAMS 0x0000000706800000| PB 0x0000000706800000| Untracked 
|  14|0x0000000706a00000, 0x0000000706bffff0, 0x0000000706c00000| 99%| O|  |TAMS 0x0000000706a00000| PB 0x0000000706a00000| Untracked 
|  15|0x0000000706c00000, 0x0000000706dffff8, 0x0000000706e00000| 99%| O|  |TAMS 0x0000000706c00000| PB 0x0000000706c00000| Untracked 
|  16|0x0000000706e00000, 0x0000000706f2a510, 0x0000000707000000| 58%| O|  |TAMS 0x0000000706e00000| PB 0x0000000706e00000| Untracked 
|  17|0x0000000707000000, 0x000000070710e260, 0x0000000707200000| 52%| O|Cm|TAMS 0x0000000707000000| PB 0x0000000707000000| Complete 
|  18|0x0000000707200000, 0x0000000707252b38, 0x0000000707400000| 16%| O|Cm|TAMS 0x0000000707200000| PB 0x0000000707200000| Complete 
|  19|0x0000000707400000, 0x0000000707600000, 0x0000000707600000|100%| O|Cm|TAMS 0x0000000707400000| PB 0x0000000707400000| Complete 
|  20|0x0000000707600000, 0x0000000707800000, 0x0000000707800000|100%| O|  |TAMS 0x0000000707600000| PB 0x0000000707600000| Untracked 
|  21|0x0000000707800000, 0x000000070793e590, 0x0000000707a00000| 62%| O|Cm|TAMS 0x0000000707800000| PB 0x0000000707800000| Complete 
|  22|0x0000000707a00000, 0x0000000707c00000, 0x0000000707c00000|100%| O|  |TAMS 0x0000000707a00000| PB 0x0000000707a00000| Untracked 
|  23|0x0000000707c00000, 0x0000000707e00000, 0x0000000707e00000|100%| O|  |TAMS 0x0000000707c00000| PB 0x0000000707c00000| Untracked 
|  24|0x0000000707e00000, 0x0000000708000000, 0x0000000708000000|100%| O|  |TAMS 0x0000000707e00000| PB 0x0000000707e00000| Untracked 
|  25|0x0000000708000000, 0x0000000708000000, 0x0000000708200000|  0%| F|  |TAMS 0x0000000708000000| PB 0x0000000708000000| Untracked 
|  26|0x0000000708200000, 0x0000000708400000, 0x0000000708400000|100%| O|  |TAMS 0x0000000708200000| PB 0x0000000708200000| Untracked 
|  27|0x0000000708400000, 0x0000000708503b00, 0x0000000708600000| 50%| O|  |TAMS 0x0000000708400000| PB 0x0000000708400000| Untracked 
|  28|0x0000000708600000, 0x0000000708600000, 0x0000000708800000|  0%| F|  |TAMS 0x0000000708600000| PB 0x0000000708600000| Untracked 
|  29|0x0000000708800000, 0x0000000708800000, 0x0000000708a00000|  0%| F|  |TAMS 0x0000000708800000| PB 0x0000000708800000| Untracked 
|  30|0x0000000708a00000, 0x0000000708c00000, 0x0000000708c00000|100%| O|  |TAMS 0x0000000708a00000| PB 0x0000000708a00000| Untracked 
|  31|0x0000000708c00000, 0x0000000708e00000, 0x0000000708e00000|100%| O|  |TAMS 0x0000000708c00000| PB 0x0000000708c00000| Untracked 
|  32|0x0000000708e00000, 0x0000000708e00000, 0x0000000709000000|  0%| F|  |TAMS 0x0000000708e00000| PB 0x0000000708e00000| Untracked 
|  33|0x0000000709000000, 0x0000000709000000, 0x0000000709200000|  0%| F|  |TAMS 0x0000000709000000| PB 0x0000000709000000| Untracked 
|  34|0x0000000709200000, 0x00000007092cc7d0, 0x0000000709400000| 39%| S|CS|TAMS 0x0000000709200000| PB 0x0000000709200000| Complete 
|  35|0x0000000709400000, 0x0000000709400000, 0x0000000709600000|  0%| F|  |TAMS 0x0000000709400000| PB 0x0000000709400000| Untracked 
|  36|0x0000000709600000, 0x0000000709600000, 0x0000000709800000|  0%| F|  |TAMS 0x0000000709600000| PB 0x0000000709600000| Untracked 
|  37|0x0000000709800000, 0x0000000709800000, 0x0000000709a00000|  0%| F|  |TAMS 0x0000000709800000| PB 0x0000000709800000| Untracked 
|  38|0x0000000709a00000, 0x0000000709a00000, 0x0000000709c00000|  0%| F|  |TAMS 0x0000000709a00000| PB 0x0000000709a00000| Untracked 
|  39|0x0000000709c00000, 0x0000000709da2c28, 0x0000000709e00000| 81%| E|  |TAMS 0x0000000709c00000| PB 0x0000000709c00000| Complete 
|  40|0x0000000709e00000, 0x000000070a000000, 0x000000070a000000|100%| E|CS|TAMS 0x0000000709e00000| PB 0x0000000709e00000| Complete 
|  41|0x000000070a000000, 0x000000070a200000, 0x000000070a200000|100%| E|CS|TAMS 0x000000070a000000| PB 0x000000070a000000| Complete 
|  42|0x000000070a200000, 0x000000070a400000, 0x000000070a400000|100%| E|CS|TAMS 0x000000070a200000| PB 0x000000070a200000| Complete 
|  43|0x000000070a400000, 0x000000070a600000, 0x000000070a600000|100%| E|CS|TAMS 0x000000070a400000| PB 0x000000070a400000| Complete 
|  44|0x000000070a600000, 0x000000070a800000, 0x000000070a800000|100%| E|CS|TAMS 0x000000070a600000| PB 0x000000070a600000| Complete 
|  45|0x000000070a800000, 0x000000070aa00000, 0x000000070aa00000|100%| E|CS|TAMS 0x000000070a800000| PB 0x000000070a800000| Complete 
|  46|0x000000070aa00000, 0x000000070ac00000, 0x000000070ac00000|100%| E|CS|TAMS 0x000000070aa00000| PB 0x000000070aa00000| Complete 
|  47|0x000000070ac00000, 0x000000070ae00000, 0x000000070ae00000|100%| E|CS|TAMS 0x000000070ac00000| PB 0x000000070ac00000| Complete 
|  48|0x000000070ae00000, 0x000000070b000000, 0x000000070b000000|100%| E|CS|TAMS 0x000000070ae00000| PB 0x000000070ae00000| Complete 
|  49|0x000000070b000000, 0x000000070b200000, 0x000000070b200000|100%| E|CS|TAMS 0x000000070b000000| PB 0x000000070b000000| Complete 
|  50|0x000000070b200000, 0x000000070b400000, 0x000000070b400000|100%| E|CS|TAMS 0x000000070b200000| PB 0x000000070b200000| Complete 
|  51|0x000000070b400000, 0x000000070b600000, 0x000000070b600000|100%| E|CS|TAMS 0x000000070b400000| PB 0x000000070b400000| Complete 
|  52|0x000000070b600000, 0x000000070b800000, 0x000000070b800000|100%| E|CS|TAMS 0x000000070b600000| PB 0x000000070b600000| Complete 
|  53|0x000000070b800000, 0x000000070ba00000, 0x000000070ba00000|100%| E|CS|TAMS 0x000000070b800000| PB 0x000000070b800000| Complete 
|  54|0x000000070ba00000, 0x000000070bc00000, 0x000000070bc00000|100%| E|CS|TAMS 0x000000070ba00000| PB 0x000000070ba00000| Complete 
|  55|0x000000070bc00000, 0x000000070be00000, 0x000000070be00000|100%| E|CS|TAMS 0x000000070bc00000| PB 0x000000070bc00000| Complete 
|  56|0x000000070be00000, 0x000000070c000000, 0x000000070c000000|100%| E|CS|TAMS 0x000000070be00000| PB 0x000000070be00000| Complete 
|  57|0x000000070c000000, 0x000000070c200000, 0x000000070c200000|100%| E|CS|TAMS 0x000000070c000000| PB 0x000000070c000000| Complete 
|  58|0x000000070c200000, 0x000000070c400000, 0x000000070c400000|100%| E|CS|TAMS 0x000000070c200000| PB 0x000000070c200000| Complete 
|  59|0x000000070c400000, 0x000000070c600000, 0x000000070c600000|100%| E|CS|TAMS 0x000000070c400000| PB 0x000000070c400000| Complete 
|  60|0x000000070c600000, 0x000000070c800000, 0x000000070c800000|100%| E|CS|TAMS 0x000000070c600000| PB 0x000000070c600000| Complete 
|  61|0x000000070c800000, 0x000000070ca00000, 0x000000070ca00000|100%| E|CS|TAMS 0x000000070c800000| PB 0x000000070c800000| Complete 
|  62|0x000000070ca00000, 0x000000070cc00000, 0x000000070cc00000|100%| E|CS|TAMS 0x000000070ca00000| PB 0x000000070ca00000| Complete 
|  63|0x000000070cc00000, 0x000000070ce00000, 0x000000070ce00000|100%| E|CS|TAMS 0x000000070cc00000| PB 0x000000070cc00000| Complete 
|  64|0x000000070ce00000, 0x000000070d000000, 0x000000070d000000|100%| E|CS|TAMS 0x000000070ce00000| PB 0x000000070ce00000| Complete 
|  65|0x000000070d000000, 0x000000070d200000, 0x000000070d200000|100%| E|CS|TAMS 0x000000070d000000| PB 0x000000070d000000| Complete 
|  66|0x000000070d200000, 0x000000070d400000, 0x000000070d400000|100%| E|CS|TAMS 0x000000070d200000| PB 0x000000070d200000| Complete 
|  67|0x000000070d400000, 0x000000070d600000, 0x000000070d600000|100%| E|CS|TAMS 0x000000070d400000| PB 0x000000070d400000| Complete 
|  68|0x000000070d600000, 0x000000070d800000, 0x000000070d800000|100%| E|CS|TAMS 0x000000070d600000| PB 0x000000070d600000| Complete 
|  69|0x000000070d800000, 0x000000070da00000, 0x000000070da00000|100%| E|CS|TAMS 0x000000070d800000| PB 0x000000070d800000| Complete 
|  70|0x000000070da00000, 0x000000070dc00000, 0x000000070dc00000|100%| E|CS|TAMS 0x000000070da00000| PB 0x000000070da00000| Complete 
|  71|0x000000070dc00000, 0x000000070de00000, 0x000000070de00000|100%| E|CS|TAMS 0x000000070dc00000| PB 0x000000070dc00000| Complete 
|  72|0x000000070de00000, 0x000000070e000000, 0x000000070e000000|100%| E|CS|TAMS 0x000000070de00000| PB 0x000000070de00000| Complete 
|  73|0x000000070e000000, 0x000000070e200000, 0x000000070e200000|100%| E|CS|TAMS 0x000000070e000000| PB 0x000000070e000000| Complete 

Card table byte_map: [0x000001b3b8ec0000,0x000001b3b96a0000] _byte_map_base: 0x000001b3b5699000

Marking Bits: (CMBitMap*) 0x000001b3b1a96470
 Bits: [0x000001b3b96a0000, 0x000001b3bd568000)

Polling page: 0x000001b3afac0000

Metaspace:

Usage:
  Non-class:     79.06 MB used.
      Class:     13.03 MB used.
       Both:     92.09 MB used.

Virtual space:
  Non-class space:      128.00 MB reserved,      82.88 MB ( 65%) committed,  2 nodes.
      Class space:        1.00 GB reserved,      14.62 MB (  1%) committed,  1 nodes.
             Both:        1.12 GB reserved,      97.50 MB (  8%) committed. 

Chunk freelists:
   Non-Class:  16.01 MB
       Class:  2.37 MB
        Both:  18.38 MB

MaxMetaspaceSize: unlimited
CompressedClassSpaceSize: 1.00 GB
Initial GC threshold: 21.00 MB
Current GC threshold: 173.06 MB
CDS: on
 - commit_granule_bytes: 65536.
 - commit_granule_words: 8192.
 - virtual_space_node_default_size: 8388608.
 - enlarge_chunks_in_place: 1.
 - use_allocation_guard: 0.


Internal statistics:

num_allocs_failed_limit: 6.
num_arena_births: 5924.
num_arena_deaths: 4774.
num_vsnodes_births: 3.
num_vsnodes_deaths: 0.
num_space_committed: 1732.
num_space_uncommitted: 100.
num_chunks_returned_to_freelist: 9288.
num_chunks_taken_from_freelist: 14278.
num_chunk_merges: 1609.
num_chunk_splits: 5995.
num_chunks_enlarged: 3811.
num_inconsistent_stats: 0.

CodeCache: size=49152Kb used=24832Kb max_used=27908Kb free=24319Kb
 bounds [0x000001b3b53b0000, 0x000001b3b6fe0000, 0x000001b3b83b0000]
 total_blobs=12496 nmethods=11732 adapters=683
 compilation: enabled
              stopped_count=0, restarted_count=0
 full_count=0

Compilation events (20 events):
Event: 8531.408 Thread 0x000001b3c02c7d90 nmethod 24012 0x000001b3b69d3590 code [0x000001b3b69d3780, 0x000001b3b69d3a80]
Event: 8531.408 Thread 0x000001b3c02c7d90 24014   !   1       com.sun.jmx.interceptor.DefaultMBeanServerInterceptor::exclusiveUnregisterMBean (81 bytes)
Event: 8531.408 Thread 0x000001b40e12c380 nmethod 24013 0x000001b3b6343d10 code [0x000001b3b6343fe0, 0x000001b3b6344b20]
Event: 8531.408 Thread 0x000001b40e12c380 24019       1       java.util.concurrent.locks.AbstractQueuedSynchronizer::hasQueuedPredecessors (58 bytes)
Event: 8531.408 Thread 0x000001b3c02c7d90 nmethod 24014 0x000001b3b5edab90 code [0x000001b3b5edada0, 0x000001b3b5edb2e8]
Event: 8531.408 Thread 0x000001b3c02c7d90 24020       1       javax.management.ObjectName::getCanonicalKeyPropertyListString (45 bytes)
Event: 8531.409 Thread 0x000001b40e12c380 nmethod 24019 0x000001b3b69a0190 code [0x000001b3b69a0340, 0x000001b3b69a04b0]
Event: 8531.409 Thread 0x000001b40e12c380 24021       1       javax.management.ObjectName::isPropertyListPattern (17 bytes)
Event: 8531.409 Thread 0x000001b40e12c380 nmethod 24021 0x000001b3b6918590 code [0x000001b3b6918720, 0x000001b3b6918800]
Event: 8531.409 Thread 0x000001b40e12c380 24022       1       javax.management.ObjectName::hashCode (8 bytes)
Event: 8531.409 Thread 0x000001b40e12c380 nmethod 24022 0x000001b3b68f9f10 code [0x000001b3b68fa0c0, 0x000001b3b68fa1b0]
Event: 8531.409 Thread 0x000001b40e12c380 24015       1       com.sun.jmx.interceptor.DefaultMBeanServerInterceptor::unregisterFromRepository (63 bytes)
Event: 8531.409 Thread 0x000001b3c02c7d90 nmethod 24020 0x000001b3b6626f90 code [0x000001b3b6627140, 0x000001b3b66272d0]
Event: 8531.409 Thread 0x000001b3c02c7d90 24016   !   1       com.sun.jmx.mbeanserver.Repository::remove (217 bytes)
Event: 8531.409 Thread 0x000001b40e12c380 nmethod 24015 0x000001b3b655f190 code [0x000001b3b655f3c0, 0x000001b3b655f800]
Event: 8531.409 Thread 0x000001b40e12c380 24017   !   1       com.sun.jmx.mbeanserver.Repository::unregistering (37 bytes)
Event: 8531.409 Thread 0x000001b40e12c380 nmethod 24017 0x000001b3b64e1890 code [0x000001b3b64e1a80, 0x000001b3b64e1d60]
Event: 8531.409 Thread 0x000001b40e12c380 24018       1       com.sun.jmx.interceptor.DefaultMBeanServerInterceptor$ResourceContext$1::unregistered (1 bytes)
Event: 8531.409 Thread 0x000001b40e12c380 nmethod 24018 0x000001b3b6919d90 code [0x000001b3b6919f20, 0x000001b3b6919fe8]
Event: 8531.410 Thread 0x000001b3c02c7d90 nmethod 24016 0x000001b3b5512510 code [0x000001b3b5512860, 0x000001b3b55132e8]

GC Heap History (20 events):
Event: 8136.120 GC heap after
{Heap after GC invocations=137 (full 16):
 garbage-first heap   total 206848K, used 115951K [0x0000000704e00000, 0x0000000800000000)
  region size 2048K, 2 young (4096K), 2 survivors (4096K)
 Metaspace       used 105293K, committed 106624K, reserved 1179648K
  class space    used 14542K, committed 15168K, reserved 1048576K
}
Event: 8184.347 GC heap before
{Heap before GC invocations=137 (full 16):
 garbage-first heap   total 206848K, used 187631K [0x0000000704e00000, 0x0000000800000000)
  region size 2048K, 37 young (75776K), 2 survivors (4096K)
 Metaspace       used 105314K, committed 106624K, reserved 1179648K
  class space    used 14547K, committed 15168K, reserved 1048576K
}
Event: 8184.352 GC heap after
{Heap after GC invocations=138 (full 16):
 garbage-first heap   total 206848K, used 113755K [0x0000000704e00000, 0x0000000800000000)
  region size 2048K, 2 young (4096K), 2 survivors (4096K)
 Metaspace       used 105314K, committed 106624K, reserved 1179648K
  class space    used 14547K, committed 15168K, reserved 1048576K
}
Event: 8236.789 GC heap before
{Heap before GC invocations=138 (full 16):
 garbage-first heap   total 206848K, used 189531K [0x0000000704e00000, 0x0000000800000000)
  region size 2048K, 39 young (79872K), 2 survivors (4096K)
 Metaspace       used 105314K, committed 106624K, reserved 1179648K
  class space    used 14547K, committed 15168K, reserved 1048576K
}
Event: 8236.795 GC heap after
{Heap after GC invocations=139 (full 16):
 garbage-first heap   total 206848K, used 113295K [0x0000000704e00000, 0x0000000800000000)
  region size 2048K, 2 young (4096K), 2 survivors (4096K)
 Metaspace       used 105314K, committed 106624K, reserved 1179648K
  class space    used 14547K, committed 15168K, reserved 1048576K
}
Event: 8289.005 GC heap before
{Heap before GC invocations=140 (full 16):
 garbage-first heap   total 206848K, used 189071K [0x0000000704e00000, 0x0000000800000000)
  region size 2048K, 39 young (79872K), 2 survivors (4096K)
 Metaspace       used 98058K, committed 103680K, reserved 1179648K
  class space    used 13839K, committed 15104K, reserved 1048576K
}
Event: 8289.007 GC heap after
{Heap after GC invocations=141 (full 16):
 garbage-first heap   total 206848K, used 112074K [0x0000000704e00000, 0x0000000800000000)
  region size 2048K, 1 young (2048K), 1 survivors (2048K)
 Metaspace       used 98058K, committed 103680K, reserved 1179648K
  class space    used 13839K, committed 15104K, reserved 1048576K
}
Event: 8336.469 GC heap before
{Heap before GC invocations=141 (full 16):
 garbage-first heap   total 206848K, used 181706K [0x0000000704e00000, 0x0000000800000000)
  region size 2048K, 36 young (73728K), 1 survivors (2048K)
 Metaspace       used 98075K, committed 103680K, reserved 1179648K
  class space    used 13842K, committed 15104K, reserved 1048576K
}
Event: 8336.540 GC heap after
{Heap after GC invocations=142 (full 17):
 garbage-first heap   total 151552K, used 38595K [0x0000000704e00000, 0x0000000800000000)
  region size 2048K, 0 young (0K), 0 survivors (0K)
 Metaspace       used 94603K, committed 100736K, reserved 1179648K
  class space    used 13396K, committed 14976K, reserved 1048576K
}
Event: 8337.113 GC heap before
{Heap before GC invocations=142 (full 17):
 garbage-first heap   total 151552K, used 128707K [0x0000000704e00000, 0x0000000800000000)
  region size 2048K, 44 young (90112K), 0 survivors (0K)
 Metaspace       used 95113K, committed 100736K, reserved 1179648K
  class space    used 13485K, committed 14976K, reserved 1048576K
}
Event: 8337.119 GC heap after
{Heap after GC invocations=143 (full 17):
 garbage-first heap   total 151552K, used 48021K [0x0000000704e00000, 0x0000000800000000)
  region size 2048K, 5 young (10240K), 5 survivors (10240K)
 Metaspace       used 95113K, committed 100736K, reserved 1179648K
  class space    used 13485K, committed 14976K, reserved 1048576K
}
Event: 8337.607 GC heap before
{Heap before GC invocations=144 (full 17):
 garbage-first heap   total 151552K, used 123797K [0x0000000704e00000, 0x0000000800000000)
  region size 2048K, 42 young (86016K), 5 survivors (10240K)
 Metaspace       used 96170K, committed 100736K, reserved 1179648K
  class space    used 13604K, committed 14976K, reserved 1048576K
}
Event: 8337.613 GC heap after
{Heap after GC invocations=145 (full 17):
 garbage-first heap   total 151552K, used 54461K [0x0000000704e00000, 0x0000000800000000)
  region size 2048K, 4 young (8192K), 4 survivors (8192K)
 Metaspace       used 96170K, committed 100736K, reserved 1179648K
  class space    used 13604K, committed 14976K, reserved 1048576K
}
Event: 8379.272 GC heap before
{Heap before GC invocations=145 (full 17):
 garbage-first heap   total 151552K, used 124093K [0x0000000704e00000, 0x0000000800000000)
  region size 2048K, 38 young (77824K), 4 survivors (8192K)
 Metaspace       used 96262K, committed 100736K, reserved 1179648K
  class space    used 13617K, committed 14976K, reserved 1048576K
}
Event: 8379.277 GC heap after
{Heap after GC invocations=146 (full 17):
 garbage-first heap   total 151552K, used 55197K [0x0000000704e00000, 0x0000000800000000)
  region size 2048K, 1 young (2048K), 1 survivors (2048K)
 Metaspace       used 96262K, committed 100736K, reserved 1179648K
  class space    used 13617K, committed 14976K, reserved 1048576K
}
Event: 8431.622 GC heap before
{Heap before GC invocations=146 (full 17):
 garbage-first heap   total 151552K, used 130973K [0x0000000704e00000, 0x0000000800000000)
  region size 2048K, 38 young (77824K), 1 survivors (2048K)
 Metaspace       used 96262K, committed 100736K, reserved 1179648K
  class space    used 13617K, committed 14976K, reserved 1048576K
}
Event: 8431.625 GC heap after
{Heap after GC invocations=147 (full 17):
 garbage-first heap   total 151552K, used 55047K [0x0000000704e00000, 0x0000000800000000)
  region size 2048K, 1 young (2048K), 1 survivors (2048K)
 Metaspace       used 96262K, committed 100736K, reserved 1179648K
  class space    used 13617K, committed 14976K, reserved 1048576K
}
Event: 8485.000 GC heap before
{Heap before GC invocations=148 (full 17):
 garbage-first heap   total 151552K, used 132871K [0x0000000704e00000, 0x0000000800000000)
  region size 2048K, 39 young (79872K), 1 survivors (2048K)
 Metaspace       used 94293K, committed 99840K, reserved 1179648K
  class space    used 13345K, committed 14976K, reserved 1048576K
}
Event: 8485.003 GC heap after
{Heap after GC invocations=149 (full 17):
 garbage-first heap   total 151552K, used 54610K [0x0000000704e00000, 0x0000000800000000)
  region size 2048K, 1 young (2048K), 1 survivors (2048K)
 Metaspace       used 94293K, committed 99840K, reserved 1179648K
  class space    used 13345K, committed 14976K, reserved 1048576K
}
Event: 8531.418 GC heap before
{Heap before GC invocations=149 (full 17):
 garbage-first heap   total 151552K, used 124242K [0x0000000704e00000, 0x0000000800000000)
  region size 2048K, 36 young (73728K), 1 survivors (2048K)
 Metaspace       used 94303K, committed 99840K, reserved 1179648K
  class space    used 13347K, committed 14976K, reserved 1048576K
}

Dll operation events (10 events):
Event: 0.007 Loaded shared library C:\STS\sts-4.30.0.RELEASE\plugins\org.eclipse.justj.openjdk.hotspot.jre.full.win32.x86_64_21.0.6.v20250130-0529\jre\bin\java.dll
Event: 0.033 Loaded shared library C:\STS\sts-4.30.0.RELEASE\plugins\org.eclipse.justj.openjdk.hotspot.jre.full.win32.x86_64_21.0.6.v20250130-0529\jre\bin\zip.dll
Event: 0.137 Loaded shared library C:\STS\sts-4.30.0.RELEASE\plugins\org.eclipse.justj.openjdk.hotspot.jre.full.win32.x86_64_21.0.6.v20250130-0529\jre\bin\jimage.dll
Event: 0.144 Loaded shared library C:\STS\sts-4.30.0.RELEASE\plugins\org.eclipse.justj.openjdk.hotspot.jre.full.win32.x86_64_21.0.6.v20250130-0529\jre\bin\net.dll
Event: 0.145 Loaded shared library C:\STS\sts-4.30.0.RELEASE\plugins\org.eclipse.justj.openjdk.hotspot.jre.full.win32.x86_64_21.0.6.v20250130-0529\jre\bin\nio.dll
Event: 0.147 Loaded shared library C:\STS\sts-4.30.0.RELEASE\plugins\org.eclipse.justj.openjdk.hotspot.jre.full.win32.x86_64_21.0.6.v20250130-0529\jre\bin\zip.dll
Event: 0.230 Loaded shared library C:\STS\sts-4.30.0.RELEASE\plugins\org.eclipse.justj.openjdk.hotspot.jre.full.win32.x86_64_21.0.6.v20250130-0529\jre\bin\management.dll
Event: 0.245 Loaded shared library C:\STS\sts-4.30.0.RELEASE\plugins\org.eclipse.justj.openjdk.hotspot.jre.full.win32.x86_64_21.0.6.v20250130-0529\jre\bin\management_ext.dll
Event: 0.511 Loaded shared library C:\STS\sts-4.30.0.RELEASE\plugins\org.eclipse.justj.openjdk.hotspot.jre.full.win32.x86_64_21.0.6.v20250130-0529\jre\bin\extnet.dll
Event: 1.653 Loaded shared library C:\STS\sts-4.30.0.RELEASE\plugins\org.eclipse.justj.openjdk.hotspot.jre.full.win32.x86_64_21.0.6.v20250130-0529\jre\bin\sunmscapi.dll

Deoptimization events (18 events):
Event: 7.252 Thread 0x000001b4091c3700 DEOPT PACKING pc=0x000001b3b6348a9c sp=0x0000009dea2fc8b0
Event: 7.252 Thread 0x000001b4091c3700 DEOPT UNPACKING pc=0x000001b3b5404e42 sp=0x0000009dea2fbd50 mode 0
Event: 14.068 Thread 0x000001b4091c3700 DEOPT PACKING pc=0x000001b3b61bb83c sp=0x0000009dea2fea00
Event: 14.068 Thread 0x000001b4091c3700 DEOPT UNPACKING pc=0x000001b3b5404e42 sp=0x0000009dea2fde98 mode 0
Event: 31.064 Thread 0x000001b4091c6b80 DEOPT PACKING pc=0x000001b3b61bb83c sp=0x0000009dea0fee00
Event: 31.064 Thread 0x000001b4091c6b80 DEOPT UNPACKING pc=0x000001b3b5404e42 sp=0x0000009dea0fe2b8 mode 0
Event: 31.064 Thread 0x000001b4091c5140 DEOPT PACKING pc=0x000001b3b61bb83c sp=0x0000009de81ff050
Event: 31.064 Thread 0x000001b4091c5140 DEOPT UNPACKING pc=0x000001b3b5404e42 sp=0x0000009de81fe508 mode 0
Event: 31.066 Thread 0x000001b4091c4ab0 DEOPT PACKING pc=0x000001b3b61bb83c sp=0x0000009de80fef40
Event: 31.066 Thread 0x000001b4091c4ab0 DEOPT UNPACKING pc=0x000001b3b5404e42 sp=0x0000009de80fe3f8 mode 0
Event: 31.067 Thread 0x000001b3c03aa640 DEOPT PACKING pc=0x000001b3b61bb83c sp=0x0000009de82feff0
Event: 31.067 Thread 0x000001b3c03aa640 DEOPT UNPACKING pc=0x000001b3b5404e42 sp=0x0000009de82fe4a8 mode 0
Event: 31.078 Thread 0x000001b4091c78a0 DEOPT PACKING pc=0x000001b3b61bb83c sp=0x0000009dea3fec40
Event: 31.078 Thread 0x000001b4091c78a0 DEOPT UNPACKING pc=0x000001b3b5404e42 sp=0x0000009dea3fe0f8 mode 0
Event: 31.079 Thread 0x000001b4064f6a50 DEOPT PACKING pc=0x000001b3b61bb83c sp=0x0000009de86fed60
Event: 31.079 Thread 0x000001b4064f6a50 DEOPT UNPACKING pc=0x000001b3b5404e42 sp=0x0000009de86fe218 mode 0
Event: 37.031 Thread 0x000001b4091c57d0 DEOPT PACKING pc=0x000001b3b61bb83c sp=0x0000009dea1fed30
Event: 37.032 Thread 0x000001b4091c57d0 DEOPT UNPACKING pc=0x000001b3b5404e42 sp=0x0000009dea1fe1e8 mode 0

Classes loaded (20 events):
Event: 2007.477 Loading class java/util/ArrayList$SubList$2
Event: 2007.477 Loading class java/util/ArrayList$SubList$2 done
Event: 2197.399 Loading class java/time/DurationEditor
Event: 2197.399 Loading class java/time/DurationEditor done
Event: 2252.177 Loading class java/util/concurrent/locks/ReentrantReadWriteLock$Sync$HoldCounter
Event: 2252.177 Loading class java/util/concurrent/locks/ReentrantReadWriteLock$Sync$HoldCounter done
Event: 2257.738 Loading class java/io/PushbackInputStream
Event: 2257.738 Loading class java/io/PushbackInputStream done
Event: 2479.746 Loading class jdk/internal/reflect/MethodHandleDoubleFieldAccessorImpl
Event: 2479.746 Loading class jdk/internal/reflect/MethodHandleDoubleFieldAccessorImpl done
Event: 2479.787 Loading class jdk/internal/reflect/MethodHandleBooleanFieldAccessorImpl
Event: 2479.787 Loading class jdk/internal/reflect/MethodHandleBooleanFieldAccessorImpl done
Event: 2599.908 Loading class sun/net/ConnectionResetException
Event: 2599.908 Loading class sun/net/ConnectionResetException done
Event: 5299.641 Loading class java/time/DurationEditor
Event: 5299.641 Loading class java/time/DurationEditor done
Event: 8110.729 Loading class java/time/DurationEditor
Event: 8110.729 Loading class java/time/DurationEditor done
Event: 8337.456 Loading class java/time/DurationEditor
Event: 8337.456 Loading class java/time/DurationEditor done

Classes unloaded (20 events):
Event: 8431.647 Thread 0x000001b3bfe44660 Unloading class 0x000001b3c2d9ba08 'com/backend/service/CloudinaryImageService'
Event: 8431.647 Thread 0x000001b3bfe44660 Unloading class 0x000001b3c2d9dc00 'com/backend/service/BookingServiceImpl'
Event: 8431.647 Thread 0x000001b3bfe44660 Unloading class 0x000001b3c2ae8e08 'com/backend/service/BookingService'
Event: 8431.647 Thread 0x000001b3bfe44660 Unloading class 0x000001b3c2d9b800 'com/backend/service/AdminService'
Event: 8431.647 Thread 0x000001b3bfe44660 Unloading class 0x000001b3c2d9ac00 'com/backend/exception_handler/GlobalExceptionHandler'
Event: 8431.647 Thread 0x000001b3bfe44660 Unloading class 0x000001b3c2d99800 'com/backend/controller/ServiceProviderDocumentController'
Event: 8431.647 Thread 0x000001b3bfe44660 Unloading class 0x000001b3c2dadd08 'com/backend/controller/ServiceProviderController'
Event: 8431.647 Thread 0x000001b3bfe44660 Unloading class 0x000001b3c2dadad8 'com/backend/controller/ServiceController'
Event: 8431.647 Thread 0x000001b3bfe44660 Unloading class 0x000001b3c2dad8d0 'com/backend/controller/ServiceCategoryController'
Event: 8431.647 Thread 0x000001b3bfe44660 Unloading class 0x000001b3c2dad6c8 'com/backend/controller/ProviderAvailabilityController'
Event: 8431.647 Thread 0x000001b3bfe44660 Unloading class 0x000001b3c2dad4b8 'com/backend/controller/PaymentController'
Event: 8431.647 Thread 0x000001b3bfe44660 Unloading class 0x000001b3c2dad208 'com/backend/controller/CustomerController'
Event: 8431.647 Thread 0x000001b3bfe44660 Unloading class 0x000001b3c2dad000 'com/backend/controller/CloudinaryImageUploadController'
Event: 8431.647 Thread 0x000001b3bfe44660 Unloading class 0x000001b3c2d9c560 'com/backend/controller/BookingController'
Event: 8431.647 Thread 0x000001b3bfe44660 Unloading class 0x000001b3c2d9c338 'com/backend/controller/AdminController'
Event: 8431.647 Thread 0x000001b3bfe44660 Unloading class 0x000001b3c2d9c000 'com/backend/config/WebConfig'
Event: 8431.647 Thread 0x000001b3bfe44660 Unloading class 0x000001b3c2ae8c00 'com/backend/config/RazorpayConfig'
Event: 8431.647 Thread 0x000001b3bfe44660 Unloading class 0x000001b3c2ae8a00 'com/backend/config/CloudinaryConfig'
Event: 8431.647 Thread 0x000001b3bfe44660 Unloading class 0x000001b3c2ae8800 'com/backend/Application'
Event: 8431.647 Thread 0x000001b3bfe44660 Unloading class 0x000001b3c215c800 'java/lang/invoke/LambdaForm$MH+0x000001b3c215c800'

Classes redefined (0 events):
No events

Internal exceptions (20 events):
Event: 8110.729 Thread 0x000001b4064f4980 Exception <a 'java/lang/NoSuchMethodError'{0x000000070dd25450}: 'void java.lang.invoke.DelegatingMethodHandle$Holder.reinvoke_L(java.lang.Object, java.lang.Object, int)'> (0x000000070dd25450) 
thrown [s\src\hotspot\share\interpreter\linkResolver.cpp, line 773]
Event: 8111.004 Thread 0x000001b4064f6a50 Exception <a 'java/lang/NoSuchMethodError'{0x000000070fa1fd48}: static [B.<clinit>()V> (0x000000070fa1fd48) 
thrown [s\src\hotspot\share\prims\jni.cpp, line 1111]
Event: 8150.973 Thread 0x000001b3c03ad430 Exception <a 'java/lang/NoSuchMethodError'{0x0000000710011690}: 'double java.lang.invoke.DelegatingMethodHandle$Holder.reinvoke_L(java.lang.Object, java.lang.Object)'> (0x0000000710011690) 
thrown [s\src\hotspot\share\interpreter\linkResolver.cpp, line 773]
Event: 8150.973 Thread 0x000001b3c03ad430 Exception <a 'java/lang/NoSuchMethodError'{0x0000000710018588}: 'void java.lang.invoke.DelegatingMethodHandle$Holder.reinvoke_L(java.lang.Object, java.lang.Object, double)'> (0x0000000710018588) 
thrown [s\src\hotspot\share\interpreter\linkResolver.cpp, line 773]
Event: 8336.468 Thread 0x000001b4064fbfa0 Exception <a 'java/lang/InterruptedException'{0x000000070d392408}: sleep interrupted> (0x000000070d392408) 
thrown [s\src\hotspot\share\prims\jvm.cpp, line 3074]
Event: 8336.553 Thread 0x000001b4091c7f30 Exception <a 'sun/nio/fs/WindowsException'{0x000000070e0b9e70}> (0x000000070e0b9e70) 
thrown [s\src\hotspot\share\prims\jni.cpp, line 520]
Event: 8336.895 Thread 0x000001b4091c7f30 Exception <a 'java/lang/NoClassDefFoundError'{0x000000070a88d9d0}: org/flywaydb/core/Flyway> (0x000000070a88d9d0) 
thrown [s\src\hotspot\share\oops\constantPool.cpp, line 873]
Event: 8336.895 Thread 0x000001b4091c7f30 Exception <a 'java/lang/NoClassDefFoundError'{0x000000070a88e030}: liquibase/integration/spring/SpringLiquibase> (0x000000070a88e030) 
thrown [s\src\hotspot\share\oops\constantPool.cpp, line 873]
Event: 8336.896 Thread 0x000001b4091c7f30 Exception <a 'java/lang/NoClassDefFoundError'{0x000000070a8dcbc8}: org/jooq/DSLContext> (0x000000070a8dcbc8) 
thrown [s\src\hotspot\share\oops\constantPool.cpp, line 873]
Event: 8336.902 Thread 0x000001b4091c7f30 Exception <a 'java/lang/NoClassDefFoundError'{0x000000070a60bb58}: org/springframework/batch/core/repository/JobRepository> (0x000000070a60bb58) 
thrown [s\src\hotspot\share\oops\constantPool.cpp, line 873]
Event: 8336.902 Thread 0x000001b4091c7f30 Exception <a 'java/lang/NoClassDefFoundError'{0x000000070a60c1b0}: org/quartz/Scheduler> (0x000000070a60c1b0) 
thrown [s\src\hotspot\share\oops\constantPool.cpp, line 873]
Event: 8336.902 Thread 0x000001b4091c7f30 Exception <a 'java/lang/NoClassDefFoundError'{0x000000070a60c830}: org/springframework/session/jdbc/JdbcIndexedSessionRepository> (0x000000070a60c830) 
thrown [s\src\hotspot\share\oops\constantPool.cpp, line 873]
Event: 8336.909 Thread 0x000001b4091c7f30 Exception <a 'java/lang/NoSuchMethodError'{0x000000070a7418f0}: 'void java.lang.invoke.DelegatingMethodHandle$Holder.reinvoke_L(java.lang.Object, java.lang.Object, int)'> (0x000000070a7418f0) 
thrown [s\src\hotspot\share\interpreter\linkResolver.cpp, line 773]
Event: 8336.963 Thread 0x000001b4091c7f30 Exception <a 'java/lang/NoSuchMethodError'{0x0000000709ee35c8}: 'int java.lang.invoke.DirectMethodHandle$Holder.invokeVirtual(java.lang.Object, java.lang.Object, java.lang.Object, java.lang.Object)'> (0x0000000709ee35c8) 
thrown [s\src\hotspot\share\interpreter\linkResolver.cpp, line 773]
Event: 8336.963 Thread 0x000001b4091c7f30 Exception <a 'java/lang/NoSuchMethodError'{0x0000000709ee6bc0}: 'int java.lang.invoke.DelegatingMethodHandle$Holder.reinvoke_L(java.lang.Object, java.lang.Object, java.lang.Object, java.lang.Object)'> (0x0000000709ee6bc0) 
thrown [s\src\hotspot\share\interpreter\linkResolver.cpp, line 773]
Event: 8336.968 Thread 0x000001b4091c7f30 Exception <a 'java/io/FileNotFoundException'{0x0000000709f37020}> (0x0000000709f37020) 
thrown [s\src\hotspot\share\prims\jni.cpp, line 520]
Event: 8337.018 Thread 0x000001b4091c7f30 Exception <a 'java/io/FileNotFoundException'{0x00000007099dec58}> (0x00000007099dec58) 
thrown [s\src\hotspot\share\prims\jni.cpp, line 520]
Event: 8337.104 Thread 0x000001b4091c7f30 Exception <a 'java/lang/NoSuchMethodError'{0x0000000708d15ae0}: 'long java.lang.invoke.DelegatingMethodHandle$Holder.reinvoke_L(java.lang.Object, java.lang.Object)'> (0x0000000708d15ae0) 
thrown [s\src\hotspot\share\interpreter\linkResolver.cpp, line 773]
Event: 8337.667 Thread 0x000001b40e48a250 Exception <a 'java/lang/NoSuchMethodError'{0x000000070d80f0b8}: static [B.<clinit>()V> (0x000000070d80f0b8) 
thrown [s\src\hotspot\share\prims\jni.cpp, line 1111]
Event: 8531.418 Thread 0x000001b4091c8c50 Exception <a 'java/lang/InterruptedException'{0x0000000709d80058}: sleep interrupted> (0x0000000709d80058) 
thrown [s\src\hotspot\share\prims\jvm.cpp, line 3074]

ZGC Phase Switch (0 events):
No events

VM Operations (20 events):
Event: 8358.204 Executing VM operation: Cleanup done
Event: 8379.272 Executing VM operation: G1CollectForAllocation (G1 Evacuation Pause)
Event: 8379.277 Executing VM operation: G1CollectForAllocation (G1 Evacuation Pause) done
Event: 8431.622 Executing VM operation: G1CollectForAllocation (G1 Evacuation Pause)
Event: 8431.625 Executing VM operation: G1CollectForAllocation (G1 Evacuation Pause) done
Event: 8431.646 Executing VM operation: G1PauseRemark
Event: 8431.667 Executing VM operation: G1PauseRemark done
Event: 8431.677 Executing VM operation: G1PauseCleanup
Event: 8431.678 Executing VM operation: G1PauseCleanup done
Event: 8432.682 Executing VM operation: Cleanup
Event: 8432.682 Executing VM operation: Cleanup done
Event: 8447.819 Executing VM operation: Cleanup
Event: 8447.819 Executing VM operation: Cleanup done
Event: 8485.000 Executing VM operation: G1CollectForAllocation (G1 Evacuation Pause)
Event: 8485.003 Executing VM operation: G1CollectForAllocation (G1 Evacuation Pause) done
Event: 8522.049 Executing VM operation: Cleanup
Event: 8522.049 Executing VM operation: Cleanup done
Event: 8527.084 Executing VM operation: Cleanup
Event: 8527.084 Executing VM operation: Cleanup done
Event: 8531.418 Executing VM operation: G1CollectFull (System.gc())

Memory protections (0 events):
No events

Nmethod flushes (20 events):
Event: 8337.159 Thread 0x000001b3bfe44660 flushing  nmethod 0x000001b3b6da5710
Event: 8337.159 Thread 0x000001b3bfe44660 flushing  nmethod 0x000001b3b6e87610
Event: 8337.159 Thread 0x000001b3bfe44660 flushing  nmethod 0x000001b3b6e87c90
Event: 8337.159 Thread 0x000001b3bfe44660 flushing  nmethod 0x000001b3b6e88310
Event: 8337.159 Thread 0x000001b3bfe44660 flushing  nmethod 0x000001b3b6e88a90
Event: 8337.159 Thread 0x000001b3bfe44660 flushing  nmethod 0x000001b3b6e89390
Event: 8337.159 Thread 0x000001b3bfe44660 flushing  nmethod 0x000001b3b6e89c10
Event: 8337.159 Thread 0x000001b3bfe44660 flushing  nmethod 0x000001b3b6e8a210
Event: 8337.159 Thread 0x000001b3bfe44660 flushing  nmethod 0x000001b3b6e90f10
Event: 8337.159 Thread 0x000001b3bfe44660 flushing  nmethod 0x000001b3b6e92810
Event: 8337.159 Thread 0x000001b3bfe44660 flushing  nmethod 0x000001b3b6e93710
Event: 8337.159 Thread 0x000001b3bfe44660 flushing  nmethod 0x000001b3b6e93e10
Event: 8337.159 Thread 0x000001b3bfe44660 flushing  nmethod 0x000001b3b6e94110
Event: 8337.159 Thread 0x000001b3bfe44660 flushing  nmethod 0x000001b3b6e94a10
Event: 8337.159 Thread 0x000001b3bfe44660 flushing  nmethod 0x000001b3b6ea2510
Event: 8337.159 Thread 0x000001b3bfe44660 flushing  nmethod 0x000001b3b6ea3690
Event: 8337.159 Thread 0x000001b3bfe44660 flushing  nmethod 0x000001b3b6ea7690
Event: 8337.159 Thread 0x000001b3bfe44660 flushing  nmethod 0x000001b3b6ea7a10
Event: 8431.666 Thread 0x000001b3bfe44660 flushing  nmethod 0x000001b3b6c07a10
Event: 8431.666 Thread 0x000001b3bfe44660 flushing  nmethod 0x000001b3b6df5b90

Events (20 events):
Event: 8531.354 Thread 0x000001b4064f4980 Thread added: 0x000001b4064f8490
Event: 8531.405 Thread 0x000001b40e48c320 Thread exited: 0x000001b40e48c320
Event: 8531.405 Thread 0x000001b4064f8490 Thread exited: 0x000001b4064f8490
Event: 8531.406 Thread 0x000001b40e489530 Thread exited: 0x000001b40e489530
Event: 8531.406 Thread 0x000001b40e48a8e0 Thread exited: 0x000001b40e48a8e0
Event: 8531.406 Thread 0x000001b40e485390 Thread exited: 0x000001b40e485390
Event: 8531.406 Thread 0x000001b40e4860b0 Thread exited: 0x000001b40e4860b0
Event: 8531.406 Thread 0x000001b40e48b600 Thread exited: 0x000001b40e48b600
Event: 8531.406 Thread 0x000001b40e489bc0 Thread exited: 0x000001b40e489bc0
Event: 8531.407 Thread 0x000001b40e48bc90 Thread exited: 0x000001b40e48bc90
Event: 8531.407 Thread 0x000001b40e487af0 Thread exited: 0x000001b40e487af0
Event: 8531.407 Thread 0x000001b40e48af70 Thread exited: 0x000001b40e48af70
Event: 8531.407 Thread 0x000001b40e488ea0 Thread exited: 0x000001b40e488ea0
Event: 8531.407 Thread 0x000001b40e488180 Thread exited: 0x000001b40e488180
Event: 8531.412 Thread 0x000001b4064f4980 Thread added: 0x000001b4064f8490
Event: 8531.412 Thread 0x000001b4091c92e0 Thread exited: 0x000001b4091c92e0
Event: 8531.414 Thread 0x000001b4064f8490 Thread exited: 0x000001b4064f8490
Event: 8531.418 Thread 0x000001b4091c85c0 Thread exited: 0x000001b4091c85c0
Event: 8531.418 Thread 0x000001b4091c8c50 Thread exited: 0x000001b4091c8c50
Event: 8531.418 Thread 0x000001b4091c7210 Thread exited: 0x000001b4091c7210


Dynamic libraries:
0x00007ff75a9e0000 - 0x00007ff75a9ee000 	C:\STS\sts-4.30.0.RELEASE\plugins\org.eclipse.justj.openjdk.hotspot.jre.full.win32.x86_64_21.0.6.v20250130-0529\jre\bin\javaw.exe
0x00007ffd8c540000 - 0x00007ffd8c7a7000 	C:\WINDOWS\SYSTEM32\ntdll.dll
0x00007ffd8a9f0000 - 0x00007ffd8aab9000 	C:\WINDOWS\System32\KERNEL32.DLL
0x00007ffd89690000 - 0x00007ffd89a7f000 	C:\WINDOWS\System32\KERNELBASE.dll
0x00007ffd89e20000 - 0x00007ffd89f6b000 	C:\WINDOWS\System32\ucrtbase.dll
0x00007ffd78af0000 - 0x00007ffd78b08000 	C:\STS\sts-4.30.0.RELEASE\plugins\org.eclipse.justj.openjdk.hotspot.jre.full.win32.x86_64_21.0.6.v20250130-0529\jre\bin\jli.dll
0x00007ffd8a590000 - 0x00007ffd8a755000 	C:\WINDOWS\System32\USER32.dll
0x00007ffd89df0000 - 0x00007ffd89e17000 	C:\WINDOWS\System32\win32u.dll
0x00007ffd8afe0000 - 0x00007ffd8b00b000 	C:\WINDOWS\System32\GDI32.dll
0x00007ffd8a1b0000 - 0x00007ffd8a2dc000 	C:\WINDOWS\System32\gdi32full.dll
0x00007ffd89cb0000 - 0x00007ffd89d53000 	C:\WINDOWS\System32\msvcp_win.dll
0x00007ffd7b2e0000 - 0x00007ffd7b2fe000 	C:\STS\sts-4.30.0.RELEASE\plugins\org.eclipse.justj.openjdk.hotspot.jre.full.win32.x86_64_21.0.6.v20250130-0529\jre\bin\VCRUNTIME140.dll
0x00007ffd71cf0000 - 0x00007ffd71f83000 	C:\WINDOWS\WinSxS\amd64_microsoft.windows.common-controls_6595b64144ccf1df_6.0.26100.7309_none_3e05feeae336a044\COMCTL32.dll
0x00007ffd8b010000 - 0x00007ffd8b0b9000 	C:\WINDOWS\System32\msvcrt.dll
0x00007ffd8b5d0000 - 0x00007ffd8b601000 	C:\WINDOWS\System32\IMM32.DLL
0x00007ffd78d00000 - 0x00007ffd78d0c000 	C:\STS\sts-4.30.0.RELEASE\plugins\org.eclipse.justj.openjdk.hotspot.jre.full.win32.x86_64_21.0.6.v20250130-0529\jre\bin\vcruntime140_1.dll
0x00007ffd5bff0000 - 0x00007ffd5c07d000 	C:\STS\sts-4.30.0.RELEASE\plugins\org.eclipse.justj.openjdk.hotspot.jre.full.win32.x86_64_21.0.6.v20250130-0529\jre\bin\msvcp140.dll
0x00007ffc6fd20000 - 0x00007ffc70ab0000 	C:\STS\sts-4.30.0.RELEASE\plugins\org.eclipse.justj.openjdk.hotspot.jre.full.win32.x86_64_21.0.6.v20250130-0529\jre\bin\server\jvm.dll
0x00007ffd8b610000 - 0x00007ffd8b6c4000 	C:\WINDOWS\System32\ADVAPI32.dll
0x00007ffd8c040000 - 0x00007ffd8c0e6000 	C:\WINDOWS\System32\sechost.dll
0x00007ffd8b0c0000 - 0x00007ffd8b1d8000 	C:\WINDOWS\System32\RPCRT4.dll
0x00007ffd8c0f0000 - 0x00007ffd8c164000 	C:\WINDOWS\System32\WS2_32.dll
0x00007ffd894f0000 - 0x00007ffd8954e000 	C:\WINDOWS\SYSTEM32\POWRPROF.dll
0x00007ffd80270000 - 0x00007ffd802a5000 	C:\WINDOWS\SYSTEM32\WINMM.dll
0x00007ffd83150000 - 0x00007ffd8315b000 	C:\WINDOWS\SYSTEM32\VERSION.dll
0x00007ffd894d0000 - 0x00007ffd894e4000 	C:\WINDOWS\SYSTEM32\UMPDC.dll
0x00007ffd88440000 - 0x00007ffd8845b000 	C:\WINDOWS\SYSTEM32\kernel.appcore.dll
0x00007ffd78ca0000 - 0x00007ffd78caa000 	C:\STS\sts-4.30.0.RELEASE\plugins\org.eclipse.justj.openjdk.hotspot.jre.full.win32.x86_64_21.0.6.v20250130-0529\jre\bin\jimage.dll
0x00007ffd86ca0000 - 0x00007ffd86ee2000 	C:\WINDOWS\SYSTEM32\DBGHELP.DLL
0x00007ffd8c170000 - 0x00007ffd8c4f6000 	C:\WINDOWS\System32\combase.dll
0x00007ffd8b4f0000 - 0x00007ffd8b5c6000 	C:\WINDOWS\System32\OLEAUT32.dll
0x00007ffd6f2c0000 - 0x00007ffd6f2fc000 	C:\WINDOWS\SYSTEM32\dbgcore.DLL
0x00007ffd89c00000 - 0x00007ffd89ca5000 	C:\WINDOWS\System32\bcryptPrimitives.dll
0x00007ffd78b10000 - 0x00007ffd78b2f000 	C:\STS\sts-4.30.0.RELEASE\plugins\org.eclipse.justj.openjdk.hotspot.jre.full.win32.x86_64_21.0.6.v20250130-0529\jre\bin\java.dll
0x00007ffd8b8b0000 - 0x00007ffd8c003000 	C:\WINDOWS\System32\SHELL32.dll
0x00007ffd89a90000 - 0x00007ffd89bfa000 	C:\WINDOWS\System32\wintypes.dll
0x00007ffd87110000 - 0x00007ffd8796e000 	C:\WINDOWS\SYSTEM32\windows.storage.dll
0x00007ffd8a2e0000 - 0x00007ffd8a3d5000 	C:\WINDOWS\System32\SHCORE.dll
0x00007ffd8a980000 - 0x00007ffd8a9e6000 	C:\WINDOWS\System32\shlwapi.dll
0x00007ffd895b0000 - 0x00007ffd895d9000 	C:\WINDOWS\SYSTEM32\profapi.dll
0x00007ffd78100000 - 0x00007ffd78118000 	C:\STS\sts-4.30.0.RELEASE\plugins\org.eclipse.justj.openjdk.hotspot.jre.full.win32.x86_64_21.0.6.v20250130-0529\jre\bin\zip.dll
0x00007ffd78a10000 - 0x00007ffd78a20000 	C:\STS\sts-4.30.0.RELEASE\plugins\org.eclipse.justj.openjdk.hotspot.jre.full.win32.x86_64_21.0.6.v20250130-0529\jre\bin\net.dll
0x00007ffd7f6f0000 - 0x00007ffd7f818000 	C:\WINDOWS\SYSTEM32\WINHTTP.dll
0x00007ffd889b0000 - 0x00007ffd88a1b000 	C:\WINDOWS\system32\mswsock.dll
0x00007ffd780e0000 - 0x00007ffd780f6000 	C:\STS\sts-4.30.0.RELEASE\plugins\org.eclipse.justj.openjdk.hotspot.jre.full.win32.x86_64_21.0.6.v20250130-0529\jre\bin\nio.dll
0x00007ffd75330000 - 0x00007ffd7533a000 	C:\STS\sts-4.30.0.RELEASE\plugins\org.eclipse.justj.openjdk.hotspot.jre.full.win32.x86_64_21.0.6.v20250130-0529\jre\bin\management.dll
0x00007ffd72330000 - 0x00007ffd7233b000 	C:\STS\sts-4.30.0.RELEASE\plugins\org.eclipse.justj.openjdk.hotspot.jre.full.win32.x86_64_21.0.6.v20250130-0529\jre\bin\management_ext.dll
0x00007ffd8b1e0000 - 0x00007ffd8b1e8000 	C:\WINDOWS\System32\PSAPI.DLL
0x00007ffd60050000 - 0x00007ffd60068000 	C:\WINDOWS\system32\napinsp.dll
0x00007ffd87fc0000 - 0x00007ffd880ec000 	C:\WINDOWS\SYSTEM32\DNSAPI.dll
0x00007ffd87f80000 - 0x00007ffd87fb4000 	C:\WINDOWS\SYSTEM32\IPHLPAPI.DLL
0x00007ffd8a3e0000 - 0x00007ffd8a3ea000 	C:\WINDOWS\System32\NSI.dll
0x00007ffd60030000 - 0x00007ffd60042000 	C:\WINDOWS\System32\winrnr.dll
0x00007ffd5f010000 - 0x00007ffd5f032000 	C:\WINDOWS\system32\nlansp_c.dll
0x00007ffd79fe0000 - 0x00007ffd79ff6000 	C:\WINDOWS\system32\wshbth.dll
0x00007ffd7a0c0000 - 0x00007ffd7a0cb000 	C:\Windows\System32\rasadhlp.dll
0x00007ffd82a30000 - 0x00007ffd82ab6000 	C:\WINDOWS\System32\fwpuclnt.dll
0x00007ffd88c80000 - 0x00007ffd88c9b000 	C:\WINDOWS\SYSTEM32\CRYPTSP.dll
0x00007ffd883a0000 - 0x00007ffd883da000 	C:\WINDOWS\system32\rsaenh.dll
0x00007ffd88a60000 - 0x00007ffd88a8b000 	C:\WINDOWS\SYSTEM32\USERENV.dll
0x00007ffd89580000 - 0x00007ffd895aa000 	C:\WINDOWS\SYSTEM32\bcrypt.dll
0x00007ffd88c70000 - 0x00007ffd88c7c000 	C:\WINDOWS\SYSTEM32\CRYPTBASE.dll
0x00007ffd78010000 - 0x00007ffd78019000 	C:\STS\sts-4.30.0.RELEASE\plugins\org.eclipse.justj.openjdk.hotspot.jre.full.win32.x86_64_21.0.6.v20250130-0529\jre\bin\extnet.dll
0x00007ffd78d10000 - 0x00007ffd78d1e000 	C:\STS\sts-4.30.0.RELEASE\plugins\org.eclipse.justj.openjdk.hotspot.jre.full.win32.x86_64_21.0.6.v20250130-0529\jre\bin\sunmscapi.dll
0x00007ffd89f70000 - 0x00007ffd8a0e7000 	C:\WINDOWS\System32\CRYPT32.dll
0x00007ffd88e90000 - 0x00007ffd88ec0000 	C:\WINDOWS\SYSTEM32\ncrypt.dll
0x00007ffd88e40000 - 0x00007ffd88e7f000 	C:\WINDOWS\SYSTEM32\NTASN1.dll
0x00007ffd54eb0000 - 0x00007ffd54eb8000 	C:\WINDOWS\system32\wshunix.dll

dbghelp: loaded successfully - version: 4.0.5 - missing functions: none
symbol engine: initialized successfully - sym options: 0x614 - pdb path: .;C:\STS\sts-4.30.0.RELEASE\plugins\org.eclipse.justj.openjdk.hotspot.jre.full.win32.x86_64_21.0.6.v20250130-0529\jre\bin;C:\WINDOWS\SYSTEM32;C:\WINDOWS\WinSxS\amd64_microsoft.windows.common-controls_6595b64144ccf1df_6.0.26100.7309_none_3e05feeae336a044;C:\STS\sts-4.30.0.RELEASE\plugins\org.eclipse.justj.openjdk.hotspot.jre.full.win32.x86_64_21.0.6.v20250130-0529\jre\bin\server

VM Arguments:
jvm_args: -Dcom.sun.management.jmxremote -Dcom.sun.management.jmxremote.port=62487 -Dcom.sun.management.jmxremote.authenticate=false -Dcom.sun.management.jmxremote.ssl=false -Djava.rmi.server.hostname=localhost -Dspring.jmx.enabled=true -Dmanagement.endpoints.jmx.exposure.include=* -Dspring.application.admin.enabled=true -Dspring.output.ansi.enabled=always -XX:TieredStopAtLevel=1 -Dspring.boot.project.name=spring_boot_backend -Dfile.encoding=UTF-8 -Dstdout.encoding=UTF-8 -Dstderr.encoding=UTF-8 -XX:+ShowCodeDetailsInExceptionMessages 
java_command: com.backend.Application
java_class_path (initial): S:\PG-DAC\Project_Quick_Serve\QuickServe\spring_boot_backend\target\classes;C:\Users\Yashraj\.m2\repository\org\springframework\boot\spring-boot-starter-actuator\3.5.8\spring-boot-starter-actuator-3.5.8.jar;C:\Users\Yashraj\.m2\repository\org\springframework\boot\spring-boot-starter\3.5.8\spring-boot-starter-3.5.8.jar;C:\Users\Yashraj\.m2\repository\org\springframework\boot\spring-boot-starter-logging\3.5.8\spring-boot-starter-logging-3.5.8.jar;C:\Users\Yashraj\.m2\repository\ch\qos\logback\logback-classic\1.5.21\logback-classic-1.5.21.jar;C:\Users\Yashraj\.m2\repository\ch\qos\logback\logback-core\1.5.21\logback-core-1.5.21.jar;C:\Users\Yashraj\.m2\repository\org\apache\logging\log4j\log4j-to-slf4j\2.24.3\log4j-to-slf4j-2.24.3.jar;C:\Users\Yashraj\.m2\repository\org\apache\logging\log4j\log4j-api\2.24.3\log4j-api-2.24.3.jar;C:\Users\Yashraj\.m2\repository\org\slf4j\jul-to-slf4j\2.0.17\jul-to-slf4j-2.0.17.jar;C:\Users\Yashraj\.m2\repository\jakarta\annotation\jakarta.annotation-api\2.1.1\jakarta.annotation-api-2.1.1.jar;C:\Users\Yashraj\.m2\repository\org\yaml\snakeyaml\2.4\snakeyaml-2.4.jar;C:\Users\Yashraj\.m2\repository\org\springframework\boot\spring-boot-actuator-autoconfigure\3.5.8\spring-boot-actuator-autoconfigure-3.5.8.jar;C:\Users\Yashraj\.m2\repository\org\springframework\boot\spring-boot-actuator\3.5.8\spring-boot-actuator-3.5.8.jar;C:\Users\Yashraj\.m2\repository\com\fasterxml\jackson\core\jackson-databind\2.19.4\jackson-databind-2.19.4.jar;C:\Users\Yashraj\.m2\repository\com\fasterxml\jackson\core\jackson-annotations\2.19.4\jackson-annotations-2.19.4.jar;C:\Users\Yashraj\.m2\repository\com\fasterxml\jackson\core\jackson-core\2.19.4\jackson-core-2.19.4.jar;C:\Users\Yashraj\.m2\repository\com\fasterxml\jackson\datatype\jackson-datatype-jsr310\2.19.4\jackson-datatype-jsr310-2.19.4.jar;C:\Users\Yashraj\.m2\repository\io\micrometer\micrometer-observation\1.15.6\micrometer-observation-1.15.6.jar;C:\Users\Yashraj\.m2\repository\io\micrometer\micrometer-commons\1.15.6\micrometer-commons-1.15.6.jar;C:\Users\Yashraj\.m2\repository\io\micrometer\micrometer-jakarta9\1.15.6\micrometer-jakarta9-1.15.6.jar;C:\Users\Yashraj\.m2\repository\io\micrometer\micrometer-core\1.15.6\micrometer-core-1.15.6.jar;C:\Users\Yashraj\.m2\repository\org\hdrhistogram\HdrHistogram\2.2.2\HdrHistogram-2.2.2.jar;C:\Users\Yashraj\.m2\repository\org\latencyutils\LatencyUtils\2.0.3\LatencyUtils-2.0.3.jar;C:\Users\Yashraj\.m2\repository\org\springframework\boot\spring-boot-starter-data-jpa\3.5.8\spring-boot-starter-data-jpa-3.5.8.jar;C:\Users\Yashraj\.m2\repository\org\springframework\boot\spring-boot-starter-jdbc\3.5.8\spring-boot-starter-jdbc-3.5.8.jar;C:\Users\Yashraj\.m2\repository\com\zaxxer\HikariCP\6.3.3\HikariCP-6.3.3.jar;C:\Users\Yashraj\.m2\repository\org\springframework\spring-jdbc\6.2.14\spring-jdbc-6.2.14.jar;C:\Users\Yashraj\.m2\repository\org\hibernate\orm\hibernate-core\6.6.36.Final\hibernate-core-6.6.36.Final.jar;C:\Users\Yashraj\.m2\repository\jakarta\persistence\jakarta.persistence-api\3.1.0\jakarta.persistence-api-3.1.0.jar;C:\Users\Yashraj\.m2\repository\jakarta\transaction\jakarta.transaction-api\2.0.1\jakarta.transaction-api-2.0.1.jar;C:\Users\Yashraj\.m2\repository\org\jboss\logging\jboss-logging\3.6.1.Final\jboss-logging-3.6.1.Final.jar;C:\Users\Yashraj\.m2\repository\org\hibernate\common\hibernate-commons-annotations\7.0.3.Final\hibernate-commons-annotations-7.0.3.Final.jar;C:\Users\Yashraj\.m2\repository\io\smallrye\jandex\3.2.0\jandex-3.2.0.jar;C:\Users\Yashraj\.m2\repository\com\fasterxml\classmate\1.7.1\classmate-1.7.1.jar;C:\Users\Yashraj\.m2\repository\net\bytebuddy\byte-buddy\1.17.8\byte-buddy-1.17.8.jar;C:\Users\Yashraj\.m2\repository\org\glassfish\jaxb\jaxb-runtime\4.0.6\jaxb-runtime-4.0.6.jar;C:\Users\Yashraj\.m2\repository\org\glassfish\jaxb\jaxb-core\4.0.6\jaxb-core-4.0.6.jar;C:\Users\Yashraj\.m2\repository\org\eclipse\angus\angus-activation\2.0.3\angus-activation-2.0.3.jar;C:\Users\Yashraj\.m2\repository\org\glassfish\jaxb\txw2\4.0.6\txw2-4.0.6.jar;C:\Users\Yashraj\.m2\repository\com\sun\istack\istack-commons-runtime\4.1.2\istack-commons-runtime-4.1.2.jar;C:\Users\Yashraj\.m2\repository\jakarta\inject\jakarta.inject-api\2.0.1\jakarta.inject-api-2.0.1.jar;C:\Users\Yashraj\.m2\repository\org\antlr\antlr4-runtime\4.13.0\antlr4-runtime-4.13.0.jar;C:\Users\Yashraj\.m2\repository\org\springframework\data\spring-data-jpa\3.5.6\spring-data-jpa-3.5.6.jar;C:\Users\Yashraj\.m2\repository\org\springframework\data\spring-data-commons\3.5.6\spring-data-commons-3.5.6.jar;C:\Users\Yashraj\.m2\repository\org\springframework\spring-orm\6.2.14\spring-orm-6.2.14.jar;C:\Users\Yashraj\.m2\repository\org\springframework\spring-context\6.2.14\spring-context-6.2.14.jar;C:\Users\Yashraj\.m2\repository\org\springframework\spring-aop\6.2.14\spring-aop-6.2.14.jar;C:\Users\Yashraj\.m2\repository\org\springframework\spring-tx\6.2.14\spring-tx-6.2.14.jar;C:\Users\Yashraj\.m2\repository\org\springframework\spring-beans\6.2.14\spring-beans-6.2.14.jar;C:\Users\Yashraj\.m2\repository\org\slf4j\slf4j-api\2.0.17\slf4j-api-2.0.17.jar;C:\Users\Yashraj\.m2\repository\org\springframework\spring-aspects\6.2.14\spring-aspects-6.2.14.jar;C:\Users\Yashraj\.m2\repository\org\aspectj\aspectjweaver\1.9.25\aspectjweaver-1.9.25.jar;C:\Users\Yashraj\.m2\repository\org\springframework\boot\spring-boot-starter-validation\3.5.8\spring-boot-starter-validation-3.5.8.jar;C:\Users\Yashraj\.m2\repository\org\apache\tomcat\embed\tomcat-embed-el\10.1.49\tomcat-embed-el-10.1.49.jar;C:\Users\Yashraj\.m2\repository\org\hibernate\validator\hibernate-validator\8.0.3.Final\hibernate-validator-8.0.3.Final.jar;C:\Users\Yashraj\.m2\repository\jakarta\validation\jakarta.validation-api\3.0.2\jakarta.validation-api-3.0.2.jar;C:\Users\Yashraj\.m2\repository\org\springframework\boot\spring-boot-starter-web\3.5.8\spring-boot-starter-web-3.5.8.jar;C:\Users\Yashraj\.m2\repository\org\springframework\boot\spring-boot-starter-json\3.5.8\spring-boot-starter-json-3.5.8.jar;C:\Users\Yashraj\.m2\repository\com\fasterxml\jackson\datatype\jackson-datatype-jdk8\2.19.4\jackson-datatype-jdk8-2.19.4.jar;C:\Users\Yashraj\.m2\repository\com\fasterxml\jackson\module\jackson-module-parameter-names\2.19.4\jackson-module-parameter-names-2.19.4.jar;C:\Users\Yashraj\.m2\repository\org\springframework\boot\spring-boot-starter-tomcat\3.5.8\spring-boot-starter-tomcat-3.5.8.jar;C:\Users\Yashraj\.m2\repository\org\apache\tomcat\embed\tomcat-embed-core\10.1.49\tomcat-embed-core-10.1.49.jar;C:\Users\Yashraj\.m2\repository\org\apache\tomcat\embed\tomcat-embed-websocket\10.1.49\tomcat-embed-websocket-10.1.49.jar;C:\Users\Yashraj\.m2\repository\org\springframework\spring-web\6.2.14\spring-web-6.2.14.jar;C:\Users\Yashraj\.m2\repository\org\springframework\spring-webmvc\6.2.14\spring-webmvc-6.2.14.jar;C:\Users\Yashraj\.m2\repository\org\springframework\spring-expression\6.2.14\spring-expression-6.2.14.jar;C:\Users\Yashraj\.m2\repository\org\springframework\boot\spring-boot-devtools\3.5.8\spring-boot-devtools-3.5.8.jar;C:\Users\Yashraj\.m2\repository\org\springframework\boot\spring-boot\3.5.8\spring-boot-3.5.8.jar;C:\Users\Yashraj\.m2\repository\org\springframework\boot\spring-boot-autoconfigure\3.5.8\spring-boot-autoconfigure-3.5.8.jar;C:\Users\Yashraj\.m2\repository\com\mysql\mysql-connector-j\9.5.0\mysql-connector-j-9.5.0.jar;C:\Users\Yashraj\.m2\repository\org\projectlombok\lombok\1.18.42\lombok-1.18.42.jar;C:\Users\Yashraj\.m2\repository\jakarta\xml\bind\jakarta.xml.bind-api\4.0.4\jakarta.xml.bind-api-4.0.4.jar;C:\Users\Yashraj\.m2\repository\jakarta\activation\jakarta.activation-api\2.1.4\jakarta.activation-api-2.1.4.jar;C:\Users\Yashraj\.m2\repository\org\springframework\spring-core\6.2.14\spring-core-6.2.14.jar;C:\Users\Yashraj\.m2\repository\org\springframework\spring-jcl\6.2.14\spring-jcl-6.2.14.jar;C:\Users\Yashraj\.m2\repository\org\springdoc\springdoc-openapi-starter-webmvc-ui\2.8.5\springdoc-openapi-starter-webmvc-ui-2.8.5.jar;C:\Users\Yashraj\.m2\repository\org\springdoc\springdoc-openapi-starter-webmvc-api\2.8.5\springdoc-openapi-starter-webmvc-api-2.8.5.jar;C:\Users\Yashraj\.m2\repository\org\springdoc\springdoc-openapi-starter-common\2.8.5\springdoc-openapi-starter-common-2.8.5.jar;C:\Users\Yashraj\.m2\repository\io\swagger\core\v3\swagger-core-jakarta\2.2.28\swagger-core-jakarta-2.2.28.jar;C:\Users\Yashraj\.m2\repository\io\swagger\core\v3\swagger-annotations-jakarta\2.2.28\swagger-annotations-jakarta-2.2.28.jar;C:\Users\Yashraj\.m2\repository\io\swagger\core\v3\swagger-models-jakarta\2.2.28\swagger-models-jakarta-2.2.28.jar;C:\Users\Yashraj\.m2\repository\com\fasterxml\jackson\dataformat\jackson-dataformat-yaml\2.19.4\jackson-dataformat-yaml-2.19.4.jar;C:\Users\Yashraj\.m2\repository\org\webjars\swagger-ui\5.18.3\swagger-ui-5.18.3.jar;C:\Users\Yashraj\.m2\repository\org\webjars\webjars-locator-lite\1.1.2\webjars-locator-lite-1.1.2.jar;C:\Users\Yashraj\.m2\repository\org\jspecify\jspecify\1.0.0\jspecify-1.0.0.jar;C:\Users\Yashraj\.m2\repository\org\modelmapper\modelmapper\3.2.5\modelmapper-3.2.5.jar;C:\Users\Yashraj\.m2\repository\com\cloudinary\cloudinary-http5\2.0.0\cloudinary-http5-2.0.0.jar;C:\Users\Yashraj\.m2\repository\com\cloudinary\cloudinary-core\2.0.0\cloudinary-core-2.0.0.jar;C:\Users\Yashraj\.m2\repository\org\apache\commons\commons-lang3\3.17.0\commons-lang3-3.17.0.jar;C:\Users\Yashraj\.m2\repository\org\apache\httpcomponents\client5\httpclient5\5.5.1\httpclient5-5.5.1.jar;C:\Users\Yashraj\.m2\repository\org\apache\httpcomponents\core5\httpcore5-h2\5.3.6\httpcore5-h2-5.3.6.jar;C:\Users\Yashraj\.m2\repository\org\apache\httpcomponents\core5\httpcore5\5.3.6\httpcore5-5.3.6.jar;C:\Users\Yashraj\.m2\repository\com\razorpay\razorpay-java\1.4.4\razorpay-java-1.4.4.jar;C:\Users\Yashraj\.m2\repository\org\json\json\20180130\json-20180130.jar;C:\Users\Yashraj\.m2\repository\com\squareup\okhttp3\okhttp\3.10.0\okhttp-3.10.0.jar;C:\Users\Yashraj\.m2\repository\com\squareup\okio\okio\1.14.0\okio-1.14.0.jar;C:\Users\Yashraj\.m2\repository\com\squareup\okhttp3\logging-interceptor\3.10.0\logging-interceptor-3.10.0.jar;C:\Users\Yashraj\.m2\repository\commons-codec\commons-codec\1.18.0\commons-codec-1.18.0.jar;C:\Users\Yashraj\.m2\repository\org\apache\commons\commons-text\1.3\commons-text-1.3.jar
Launcher Type: SUN_STANDARD

[Global flags]
     intx CICompilerCount                          = 4                                         {product} {ergonomic}
     uint ConcGCThreads                            = 3                                         {product} {ergonomic}
     uint G1ConcRefinementThreads                  = 10                                        {product} {ergonomic}
   size_t G1HeapRegionSize                         = 2097152                                   {product} {ergonomic}
    uintx GCDrainStackTargetSize                   = 64                                        {product} {ergonomic}
   size_t InitialHeapSize                          = 264241152                                 {product} {ergonomic}
     bool ManagementServer                         = true                                      {product} {command line}
   size_t MarkStackSize                            = 4194304                                   {product} {ergonomic}
   size_t MaxHeapSize                              = 4213178368                                {product} {ergonomic}
   size_t MaxNewSize                               = 2527068160                                {product} {ergonomic}
   size_t MinHeapDeltaBytes                        = 2097152                                   {product} {ergonomic}
   size_t MinHeapSize                              = 8388608                                   {product} {ergonomic}
    uintx NonNMethodCodeHeapSize                   = 4096                                   {pd product} {ergonomic}
    uintx NonProfiledCodeHeapSize                  = 0                                      {pd product} {ergonomic}
     bool ProfileInterpreter                       = false                                  {pd product} {command line}
    uintx ProfiledCodeHeapSize                     = 0                                      {pd product} {ergonomic}
     bool ShowCodeDetailsInExceptionMessages       = true                                   {manageable} {command line}
   size_t SoftMaxHeapSize                          = 4213178368                             {manageable} {ergonomic}
     intx TieredStopAtLevel                        = 1                                         {product} {command line}
     bool UseCompressedOops                        = true                           {product lp64_product} {ergonomic}
     bool UseG1GC                                  = true                                      {product} {ergonomic}
     bool UseLargePagesIndividualAllocation        = false                                  {pd product} {ergonomic}

Logging:
Log output configuration:
 #0: stdout all=warning uptime,level,tags foldmultilines=false
 #1: stderr all=off uptime,level,tags foldmultilines=false

Environment Variables:
PATH=C:/STS/sts-4.30.0.RELEASE//plugins/org.eclipse.justj.openjdk.hotspot.jre.full.win32.x86_64_21.0.6.v20250130-0529/jre/bin/server;C:/STS/sts-4.30.0.RELEASE//plugins/org.eclipse.justj.openjdk.hotspot.jre.full.win32.x86_64_21.0.6.v20250130-0529/jre/bin;C:\Program Files\Common Files\Oracle\Java\javapath;C:\app\Yashraj\product\21c\dbhomeXE\bin;C:\WINDOWS\system32;C:\WINDOWS;C:\WINDOWS\System32\Wbem;C:\WINDOWS\System32\WindowsPowerShell\v1.0\;C:\WINDOWS\System32\OpenSSH\;C:\MinGW\bin;C:\Program Files\Git\cmd;C:\Program Files\nodejs;C:\Users\Yashraj\AppData\Roaming\npm;C:\Program Files\MySQL\MySQL Server 8.0\bin;C:\Program Files\MongoDB\Server\8.0\bin;C:\Program Files\MongoDB\mongosh-2.5.8-win32-x64\bin;C:\Program Files\Java\jdk-21\bin;C:\Program Files\Microsoft SQL Server\170\Tools\Binn\;C:\Program Files\Microsoft SQL Server\150\Tools\Binn\;C:\Program Files\Microsoft SQL Server\Client SDK\ODBC\170\Tools\Binn\;C:\Program Files\dotnet\;C:\Program Files\MySQL\MySQL Shell 8.0\bin\;C:\Users\Yashraj\AppData\Local\Microsoft\WindowsApps;C:\Users\Yashraj\AppData\Local\Programs\Microsoft VS Code\bin;C:\Users\Yashraj\AppData\Roaming\npm;C:\Program Files\MongoDB\Server\8.0\bin;C:\Users\Yashraj\.dotnet\tools;C:\STS\sts-4.30.0.RELEASE;
USERNAME=Yashraj
OS=Windows_NT
PROCESSOR_IDENTIFIER=Intel64 Family 6 Model 186 Stepping 3, GenuineIntel
TMP=C:\Users\Yashraj\AppData\Local\Temp
TEMP=C:\Users\Yashraj\AppData\Local\Temp




Periodic native trim disabled

---------------  S Y S T E M  ---------------

OS:
 Windows 11 , 64 bit Build 26100 (10.0.26100.7623)
OS uptime: 0 days 6:53 hours
Hyper-V role detected

CPU: total 12 (initial active 12) (6 cores per cpu, 2 threads per core) family 6 model 186 stepping 3 microcode 0x411f, cx8, cmov, fxsr, ht, mmx, 3dnowpref, sse, sse2, sse3, ssse3, sse4.1, sse4.2, popcnt, lzcnt, tsc, tscinvbit, avx, avx2, aes, erms, clmul, bmi1, bmi2, adx, sha, fma, vzeroupper, clflush, clflushopt, clwb, hv, serialize, rdtscp, rdpid, fsrm, f16c, cet_ibt, cet_ss
Processor Information for processor 0
  Max Mhz: 1300, Current Mhz: 1300, Mhz Limit: 1300
Processor Information for processor 1
  Max Mhz: 1300, Current Mhz: 1300, Mhz Limit: 1300
Processor Information for processor 2
  Max Mhz: 1300, Current Mhz: 1300, Mhz Limit: 1300
Processor Information for processor 3
  Max Mhz: 1300, Current Mhz: 1300, Mhz Limit: 1300
Processor Information for processor 4
  Max Mhz: 1300, Current Mhz: 900, Mhz Limit: 897
Processor Information for processor 5
  Max Mhz: 1300, Current Mhz: 900, Mhz Limit: 897
Processor Information for processor 6
  Max Mhz: 1300, Current Mhz: 900, Mhz Limit: 897
Processor Information for processor 7
  Max Mhz: 1300, Current Mhz: 900, Mhz Limit: 897
Processor Information for processor 8
  Max Mhz: 1300, Current Mhz: 900, Mhz Limit: 897
Processor Information for processor 9
  Max Mhz: 1300, Current Mhz: 900, Mhz Limit: 897
Processor Information for processor 10
  Max Mhz: 1300, Current Mhz: 900, Mhz Limit: 897
Processor Information for processor 11
  Max Mhz: 1300, Current Mhz: 900, Mhz Limit: 897

Memory: 4k page, system-wide physical 16067M (3413M free)
TotalPageFile size 18115M (AvailPageFile size 4M)
current process WorkingSet (physical memory assigned to process): 365M, peak: 426M
current process commit charge ("private bytes"): 419M, peak: 495M

vm_info: OpenJDK 64-Bit Server VM (21.0.6+7-LTS) for windows-amd64 JRE (21.0.6+7-LTS), built on 2025-01-21T00:00:00Z by "admin" with MS VC++ 17.7 (VS2022)

END.
