#
# There is insufficient memory for the Java Runtime Environment to continue.
# Native memory allocation (mmap) failed to map 20971520 bytes. Error detail: G1 virtual space
# Possible reasons:
#   The system is out of physical RAM or swap space
#   This process is running with CompressedOops enabled, and the Java Heap may be blocking the growth of the native heap
# Possible solutions:
#   Reduce memory load on the system
#   Increase physical memory or swap space
#   Check if swap backing store is full
#   Decrease Java heap size (-Xmx/-Xms)
#   Decrease number of Java threads
#   Decrease Java thread stack sizes (-Xss)
#   Set larger code cache with -XX:ReservedCodeCacheSize=
#   JVM is running with Zero Based Compressed Oops mode in which the Java heap is
#     placed in the first 32GB address space. The Java Heap base address is the
#     maximum limit for the native heap growth. Please use -XX:HeapBaseMinAddress
#     to set the Java Heap base and to place the Java Heap above 32GB virtual address.
# This output file may be truncated or incomplete.
#
#  Out of Memory Error (os_windows.cpp:3686), pid=20320, tid=19884
#
# JRE version: OpenJDK Runtime Environment Temurin-21.0.6+7 (21.0.6+7) (build 21.0.6+7-LTS)
# Java VM: OpenJDK 64-Bit Server VM Temurin-21.0.6+7 (21.0.6+7-LTS, mixed mode, emulated-client, sharing, tiered, compressed oops, compressed class ptrs, g1 gc, windows-amd64)
# No core dump will be written. Minidumps are not enabled by default on client versions of Windows
#

---------------  S U M M A R Y ------------

Command Line: -Dcom.sun.management.jmxremote -Dcom.sun.management.jmxremote.port=65495 -Dcom.sun.management.jmxremote.authenticate=false -Dcom.sun.management.jmxremote.ssl=false -Djava.rmi.server.hostname=localhost -Dspring.jmx.enabled=true -Dmanagement.endpoints.jmx.exposure.include=* -Dspring.application.admin.enabled=true -Dspring.output.ansi.enabled=always -XX:TieredStopAtLevel=1 -Dspring.boot.project.name=spring_boot_backend -Dfile.encoding=UTF-8 -Dstdout.encoding=UTF-8 -Dstderr.encoding=UTF-8 -XX:+ShowCodeDetailsInExceptionMessages com.backend.Application

Host: 13th Gen Intel(R) Core(TM) i5-1335U, 12 cores, 15G,  Windows 11 , 64 bit Build 26100 (10.0.26100.7623)
Time: Wed Jan 28 22:24:03 2026 India Standard Time elapsed time: 2095.110497 seconds (0d 0h 34m 55s)

---------------  T H R E A D  ---------------

Current thread (0x000001f4f1388880):  VMThread "VM Thread"          [id=19884, stack(0x0000008b96700000,0x0000008b96800000) (1024K)]

Stack: [0x0000008b96700000,0x0000008b96800000]
Native frames: (J=compiled Java code, j=interpreted, Vv=VM code, C=native code)
V  [jvm.dll+0x6cdee9]
V  [jvm.dll+0x8a83d1]
V  [jvm.dll+0x8aa8fe]
V  [jvm.dll+0x8aafe3]
V  [jvm.dll+0x27f706]
V  [jvm.dll+0x6ca755]
V  [jvm.dll+0x6bea3a]
V  [jvm.dll+0x355d6a]
V  [jvm.dll+0x35d936]
V  [jvm.dll+0x3af58e]
V  [jvm.dll+0x3af838]
V  [jvm.dll+0x329efc]
V  [jvm.dll+0x329f87]
V  [jvm.dll+0x36dd4c]
V  [jvm.dll+0x36c598]
V  [jvm.dll+0x3296c1]
V  [jvm.dll+0x36bc0a]
V  [jvm.dll+0x8b0cff]
V  [jvm.dll+0x8b2084]
V  [jvm.dll+0x8b25c0]
V  [jvm.dll+0x8b2863]
V  [jvm.dll+0x851f8b]
V  [jvm.dll+0x6cc5ed]
C  [ucrtbase.dll+0x37b0]
C  [KERNEL32.DLL+0x2e8d7]
C  [ntdll.dll+0x8c53c]

VM_Operation (0x0000008b970fe7c0): G1CollectForAllocation, mode: safepoint, requested by thread 0x000001f4cab4e4e0


---------------  P R O C E S S  ---------------

Threads class SMR info:
_java_thread_list=0x000001f4c885eec0, length=36, elements={
0x000001f4fff0cb60, 0x000001f4fff0f6c0, 0x000001f4fff14c50, 0x000001f4fff15a50,
0x000001f4fff205b0, 0x000001f4fff21b70, 0x000001f4fff242f0, 0x000001f4ffede370,
0x000001f4c715e450, 0x000001f4c773ea60, 0x000001f4c774e000, 0x000001f4c777d660,
0x000001f4c70f0ca0, 0x000001f4c7bbf1a0, 0x000001f4c80856b0, 0x000001f4cab4d7c0,
0x000001f4cab4f890, 0x000001f4cad0eb40, 0x000001f4cad10580, 0x000001f4cab4c410,
0x000001f4cab4e4e0, 0x000001f4cab4bd80, 0x000001f4cab4de50, 0x000001f4cab4eb70,
0x000001f4cab4b060, 0x000001f4cab4b6f0, 0x000001f4cab4ff20, 0x000001f4cad0f1d0,
0x000001f4ca437b50, 0x000001f4ca439590, 0x000001f4ca439c20, 0x000001f4cad0fef0,
0x000001f4cad10c10, 0x000001f4cad0e4b0, 0x000001f4ca4367a0, 0x000001f4c80884a0
}

Java Threads: ( => current thread )
  0x000001f4fff0cb60 JavaThread "Reference Handler"          daemon [_thread_blocked, id=5032, stack(0x0000008b96800000,0x0000008b96900000) (1024K)]
  0x000001f4fff0f6c0 JavaThread "Finalizer"                  daemon [_thread_blocked, id=5144, stack(0x0000008b96900000,0x0000008b96a00000) (1024K)]
  0x000001f4fff14c50 JavaThread "Signal Dispatcher"          daemon [_thread_blocked, id=19484, stack(0x0000008b96a00000,0x0000008b96b00000) (1024K)]
  0x000001f4fff15a50 JavaThread "Attach Listener"            daemon [_thread_blocked, id=14504, stack(0x0000008b96b00000,0x0000008b96c00000) (1024K)]
  0x000001f4fff205b0 JavaThread "Service Thread"             daemon [_thread_blocked, id=4804, stack(0x0000008b96c00000,0x0000008b96d00000) (1024K)]
  0x000001f4fff21b70 JavaThread "Monitor Deflation Thread"   daemon [_thread_blocked, id=5160, stack(0x0000008b96d00000,0x0000008b96e00000) (1024K)]
  0x000001f4fff242f0 JavaThread "C1 CompilerThread0"         daemon [_thread_blocked, id=388, stack(0x0000008b96e00000,0x0000008b96f00000) (1024K)]
  0x000001f4ffede370 JavaThread "Common-Cleaner"             daemon [_thread_blocked, id=21248, stack(0x0000008b96f00000,0x0000008b97000000) (1024K)]
  0x000001f4c715e450 JavaThread "Notification Thread"        daemon [_thread_blocked, id=12108, stack(0x0000008b97300000,0x0000008b97400000) (1024K)]
  0x000001f4c773ea60 JavaThread "RMI TCP Accept-0"           daemon [_thread_in_native, id=18028, stack(0x0000008b97400000,0x0000008b97500000) (1024K)]
  0x000001f4c774e000 JavaThread "RMI TCP Accept-65495"       daemon [_thread_in_native, id=12992, stack(0x0000008b97500000,0x0000008b97600000) (1024K)]
  0x000001f4c777d660 JavaThread "RMI TCP Accept-0"           daemon [_thread_in_native, id=9568, stack(0x0000008b97600000,0x0000008b97700000) (1024K)]
  0x000001f4c70f0ca0 JavaThread "RMI Scheduler(0)"           daemon [_thread_blocked, id=13796, stack(0x0000008b97f00000,0x0000008b98000000) (1024K)]
  0x000001f4c7bbf1a0 JavaThread "JMX server connection timeout 35" daemon [_thread_blocked, id=2552, stack(0x0000008b98100000,0x0000008b98200000) (1024K)]
  0x000001f4c80856b0 JavaThread "mysql-cj-abandoned-connection-cleanup" daemon [_thread_blocked, id=20356, stack(0x0000008b98b00000,0x0000008b98c00000) (1024K)]
  0x000001f4cab4d7c0 JavaThread "Live Reload Server"         daemon [_thread_in_native, id=18984, stack(0x0000008b99000000,0x0000008b99100000) (1024K)]
  0x000001f4cab4f890 JavaThread "DestroyJavaVM"                     [_thread_blocked, id=16644, stack(0x0000008b96000000,0x0000008b96100000) (1024K)]
  0x000001f4cad0eb40 JavaThread "RMI TCP Connection(9)-127.0.0.1" daemon [_thread_blocked, id=5568, stack(0x0000008b9a000000,0x0000008b9a100000) (1024K)]
  0x000001f4cad10580 JavaThread "JMX server connection timeout 79" daemon [_thread_blocked, id=9824, stack(0x0000008b9a100000,0x0000008b9a200000) (1024K)]
  0x000001f4cab4c410 JavaThread "File Watcher"               daemon [_thread_blocked, id=20436, stack(0x0000008b95f00000,0x0000008b96000000) (1024K)]
  0x000001f4cab4e4e0 JavaThread "File Watcher"               daemon [_thread_blocked, id=17524, stack(0x0000008b97000000,0x0000008b97100000) (1024K)]
  0x000001f4cab4bd80 JavaThread "File Watcher"               daemon [_thread_blocked, id=13160, stack(0x0000008b97200000,0x0000008b97300000) (1024K)]
  0x000001f4cab4de50 JavaThread "File Watcher"               daemon [_thread_blocked, id=6824, stack(0x0000008b97e00000,0x0000008b97f00000) (1024K)]
  0x000001f4cab4eb70 JavaThread "File Watcher"               daemon [_thread_blocked, id=4468, stack(0x0000008b98200000,0x0000008b98300000) (1024K)]
  0x000001f4cab4b060 JavaThread "File Watcher"               daemon [_thread_blocked, id=20568, stack(0x0000008b98000000,0x0000008b98100000) (1024K)]
  0x000001f4cab4b6f0 JavaThread "File Watcher"               daemon [_thread_blocked, id=5372, stack(0x0000008b97100000,0x0000008b97200000) (1024K)]
  0x000001f4cab4ff20 JavaThread "File Watcher"               daemon [_thread_blocked, id=18256, stack(0x0000008b98600000,0x0000008b98700000) (1024K)]
  0x000001f4cad0f1d0 JavaThread "RMI TCP Connection(idle)"   daemon [_thread_blocked, id=21044, stack(0x0000008b9a400000,0x0000008b9a500000) (1024K)]
  0x000001f4ca437b50 JavaThread "File Watcher"               daemon [_thread_blocked, id=20808, stack(0x0000008b98300000,0x0000008b98400000) (1024K)]
  0x000001f4ca439590 JavaThread "File Watcher"               daemon [_thread_blocked, id=12808, stack(0x0000008b98900000,0x0000008b98a00000) (1024K)]
  0x000001f4ca439c20 JavaThread "File Watcher"               daemon [_thread_blocked, id=3292, stack(0x0000008b98a00000,0x0000008b98b00000) (1024K)]
  0x000001f4cad0fef0 JavaThread "RMI TCP Connection(idle)"   daemon [_thread_blocked, id=19136, stack(0x0000008b9a300000,0x0000008b9a400000) (1024K)]
  0x000001f4cad10c10 JavaThread "RMI TCP Connection(idle)"   daemon [_thread_blocked, id=11560, stack(0x0000008b9a500000,0x0000008b9a600000) (1024K)]
  0x000001f4cad0e4b0 JavaThread "RMI TCP Connection(idle)"   daemon [_thread_blocked, id=18884, stack(0x0000008b9a600000,0x0000008b9a700000) (1024K)]
  0x000001f4ca4367a0 JavaThread "Thread-43"                         [_thread_blocked, id=13664, stack(0x0000008b95d00000,0x0000008b95e00000) (1024K)]
  0x000001f4c80884a0 JavaThread "File Watcher"               daemon [_thread_blocked, id=9984, stack(0x0000008b95e00000,0x0000008b95f00000) (1024K)]
Total: 36

Other Threads:
=>0x000001f4f1388880 VMThread "VM Thread"                           [id=19884, stack(0x0000008b96700000,0x0000008b96800000) (1024K)]
  0x000001f4ffedd9e0 WatcherThread "VM Periodic Task Thread"        [id=1404, stack(0x0000008b96600000,0x0000008b96700000) (1024K)]
  0x000001f4f1387660 WorkerThread "GC Thread#0"                     [id=6140, stack(0x0000008b96100000,0x0000008b96200000) (1024K)]
  0x000001f4f1387da0 WorkerThread "GC Thread#1"                     [id=6160, stack(0x0000008b97700000,0x0000008b97800000) (1024K)]
  0x000001f4f1388140 WorkerThread "GC Thread#2"                     [id=2140, stack(0x0000008b97800000,0x0000008b97900000) (1024K)]
  0x000001f4f13884e0 WorkerThread "GC Thread#3"                     [id=14972, stack(0x0000008b97900000,0x0000008b97a00000) (1024K)]
  0x000001f4c77ed8d0 WorkerThread "GC Thread#4"                     [id=9008, stack(0x0000008b97a00000,0x0000008b97b00000) (1024K)]
  0x000001f4c77ee010 WorkerThread "GC Thread#5"                     [id=16048, stack(0x0000008b97b00000,0x0000008b97c00000) (1024K)]
  0x000001f4c77eb830 WorkerThread "GC Thread#6"                     [id=17072, stack(0x0000008b97c00000,0x0000008b97d00000) (1024K)]
  0x000001f4c77ebbd0 WorkerThread "GC Thread#7"                     [id=4424, stack(0x0000008b97d00000,0x0000008b97e00000) (1024K)]
  0x000001f4c77eb0f0 WorkerThread "GC Thread#8"                     [id=208, stack(0x0000008b98400000,0x0000008b98500000) (1024K)]
  0x000001f4c77eeaf0 WorkerThread "GC Thread#9"                     [id=9744, stack(0x0000008b98500000,0x0000008b98600000) (1024K)]
  0x000001f4f3747850 ConcurrentGCThread "G1 Main Marker"            [id=1200, stack(0x0000008b96200000,0x0000008b96300000) (1024K)]
  0x000001f4f1387a00 WorkerThread "G1 Conc#0"                       [id=20476, stack(0x0000008b96300000,0x0000008b96400000) (1024K)]
  0x000001f4c77ec6b0 WorkerThread "G1 Conc#1"                       [id=21488, stack(0x0000008b98700000,0x0000008b98800000) (1024K)]
  0x000001f4c77ee750 WorkerThread "G1 Conc#2"                       [id=13284, stack(0x0000008b98800000,0x0000008b98900000) (1024K)]
  0x000001f4ffdb0900 ConcurrentGCThread "G1 Refine#0"               [id=6136, stack(0x0000008b96400000,0x0000008b96500000) (1024K)]
  0x000001f4ffdb2230 ConcurrentGCThread "G1 Service"                [id=2612, stack(0x0000008b96500000,0x0000008b96600000) (1024K)]
Total: 18

Threads with active compile tasks:
Total: 0

VM state: at safepoint (normal execution)

VM Mutex/Monitor currently owned by a thread:  ([mutex/lock_event])
[0x00007ffc709ce380] Threads_lock - owner thread: 0x000001f4f1388880
[0x00007ffc709ce480] Heap_lock - owner thread: 0x000001f4cab4e4e0

Heap address: 0x0000000704e00000, size: 4018 MB, Compressed Oops mode: Zero based, Oop shift amount: 3

CDS archive(s) mapped at: [0x000001f482000000-0x000001f482c80000-0x000001f482c80000), size 13107200, SharedBaseAddress: 0x000001f482000000, ArchiveRelocationMode: 1.
Compressed class space mapped at: 0x000001f483000000-0x000001f4c3000000, reserved size: 1073741824
Narrow klass base: 0x000001f482000000, Narrow klass shift: 0, Narrow klass range: 0x100000000

GC Precious Log:
 CardTable entry size: 512
 Card Set container configuration: InlinePtr #cards 4 size 8 Array Of Cards #cards 16 size 48 Howl #buckets 8 coarsen threshold 3686 Howl Bitmap #cards 512 size 80 coarsen threshold 460 Card regions per heap region 1 cards per card region 4096
 CPUs: 12 total, 12 available
 Memory: 16067M
 Large Page Support: Disabled
 NUMA Support: Disabled
 Compressed Oops: Enabled (Zero based)
 Heap Region Size: 2M
 Heap Min Capacity: 8M
 Heap Initial Capacity: 252M
 Heap Max Capacity: 4018M
 Pre-touch: Disabled
 Parallel Workers: 10
 Concurrent Workers: 3
 Concurrent Refinement Workers: 10
 Periodic GC: Disabled

Heap:
 garbage-first heap   total 151552K, used 41584K [0x0000000704e00000, 0x0000000800000000)
  region size 2048K, 1 young (2048K), 1 survivors (2048K)
 Metaspace       used 82436K, committed 83904K, reserved 1179648K
  class space    used 11936K, committed 12544K, reserved 1048576K

Heap Regions: E=young(eden), S=young(survivor), O=old, HS=humongous(starts), HC=humongous(continues), CS=collection set, F=free, TAMS=top-at-mark-start, PB=parsable bottom
|   0|0x0000000704e00000, 0x0000000704fffff0, 0x0000000705000000| 99%| O|  |TAMS 0x0000000704fffff0| PB 0x0000000704e00000| Untracked 
|   1|0x0000000705000000, 0x0000000705200000, 0x0000000705200000|100%| O|  |TAMS 0x0000000705200000| PB 0x0000000705000000| Untracked 
|   2|0x0000000705200000, 0x00000007053ffff8, 0x0000000705400000| 99%| O|  |TAMS 0x00000007053ffff8| PB 0x0000000705200000| Untracked 
|   3|0x0000000705400000, 0x0000000705600000, 0x0000000705600000|100%| O|  |TAMS 0x0000000705600000| PB 0x0000000705400000| Untracked 
|   4|0x0000000705600000, 0x00000007057ffff8, 0x0000000705800000| 99%| O|  |TAMS 0x00000007057ffff8| PB 0x0000000705600000| Untracked 
|   5|0x0000000705800000, 0x00000007059ffff8, 0x0000000705a00000| 99%| O|  |TAMS 0x00000007059ffff8| PB 0x0000000705800000| Untracked 
|   6|0x0000000705a00000, 0x0000000705c00000, 0x0000000705c00000|100%| O|  |TAMS 0x0000000705c00000| PB 0x0000000705a00000| Untracked 
|   7|0x0000000705c00000, 0x0000000705dfffd0, 0x0000000705e00000| 99%| O|  |TAMS 0x0000000705dfffd0| PB 0x0000000705c00000| Untracked 
|   8|0x0000000705e00000, 0x0000000705ffffe8, 0x0000000706000000| 99%| O|  |TAMS 0x0000000705ffffe8| PB 0x0000000705e00000| Untracked 
|   9|0x0000000706000000, 0x00000007061fffd8, 0x0000000706200000| 99%| O|  |TAMS 0x00000007061fffd8| PB 0x0000000706000000| Untracked 
|  10|0x0000000706200000, 0x00000007063ffff8, 0x0000000706400000| 99%| O|  |TAMS 0x00000007063ffff8| PB 0x0000000706200000| Untracked 
|  11|0x0000000706400000, 0x0000000706600000, 0x0000000706600000|100%| O|  |TAMS 0x0000000706600000| PB 0x0000000706400000| Untracked 
|  12|0x0000000706600000, 0x00000007067f17b0, 0x0000000706800000| 97%| O|  |TAMS 0x00000007067f17b0| PB 0x0000000706600000| Untracked 
|  13|0x0000000706800000, 0x00000007069ffff8, 0x0000000706a00000| 99%| O|  |TAMS 0x00000007069ffff8| PB 0x0000000706800000| Untracked 
|  14|0x0000000706a00000, 0x0000000706bfffe0, 0x0000000706c00000| 99%| O|  |TAMS 0x0000000706bfffe0| PB 0x0000000706a00000| Untracked 
|  15|0x0000000706c00000, 0x0000000706dfffe8, 0x0000000706e00000| 99%| O|  |TAMS 0x0000000706dfffe8| PB 0x0000000706c00000| Untracked 
|  16|0x0000000706e00000, 0x0000000706fb69b0, 0x0000000707000000| 85%| O|  |TAMS 0x0000000706fb69b0| PB 0x0000000706e00000| Untracked 
|  17|0x0000000707000000, 0x00000007071fffd8, 0x0000000707200000| 99%| O|  |TAMS 0x00000007071fffd8| PB 0x0000000707000000| Untracked 
|  18|0x0000000707200000, 0x000000070722a200, 0x0000000707400000|  8%| O|  |TAMS 0x000000070722a200| PB 0x0000000707200000| Untracked 
|  19|0x0000000707400000, 0x0000000707400000, 0x0000000707600000|  0%| F|  |TAMS 0x0000000707400000| PB 0x0000000707400000| Untracked 
|  20|0x0000000707600000, 0x000000070775a208, 0x0000000707800000| 67%| O|  |TAMS 0x000000070775a208| PB 0x0000000707600000| Untracked 
|  21|0x0000000707800000, 0x000000070797ec78, 0x0000000707a00000| 74%| O|  |TAMS 0x000000070797ec78| PB 0x0000000707800000| Untracked 
|  22|0x0000000707a00000, 0x0000000707b14c70, 0x0000000707c00000| 54%| O|  |TAMS 0x0000000707b14c70| PB 0x0000000707a00000| Untracked 
|  23|0x0000000707c00000, 0x0000000707c00000, 0x0000000707e00000|  0%| F|  |TAMS 0x0000000707c00000| PB 0x0000000707c00000| Untracked 
|  24|0x0000000707e00000, 0x0000000707e00000, 0x0000000708000000|  0%| F|  |TAMS 0x0000000707e00000| PB 0x0000000707e00000| Untracked 
|  25|0x0000000708000000, 0x0000000708000000, 0x0000000708200000|  0%| F|  |TAMS 0x0000000708000000| PB 0x0000000708000000| Untracked 
|  26|0x0000000708200000, 0x0000000708200000, 0x0000000708400000|  0%| F|  |TAMS 0x0000000708200000| PB 0x0000000708200000| Untracked 
|  27|0x0000000708400000, 0x0000000708400000, 0x0000000708600000|  0%| F|  |TAMS 0x0000000708400000| PB 0x0000000708400000| Untracked 
|  28|0x0000000708600000, 0x00000007086dc2d0, 0x0000000708800000| 43%| S|CS|TAMS 0x0000000708600000| PB 0x0000000708600000| Complete 
|  29|0x0000000708800000, 0x0000000708800000, 0x0000000708a00000|  0%| F|  |TAMS 0x0000000708800000| PB 0x0000000708800000| Untracked 
|  30|0x0000000708a00000, 0x0000000708a00000, 0x0000000708c00000|  0%| F|  |TAMS 0x0000000708a00000| PB 0x0000000708a00000| Untracked 
|  31|0x0000000708c00000, 0x0000000708c00000, 0x0000000708e00000|  0%| F|  |TAMS 0x0000000708c00000| PB 0x0000000708c00000| Untracked 
|  32|0x0000000708e00000, 0x0000000708e00000, 0x0000000709000000|  0%| F|  |TAMS 0x0000000708e00000| PB 0x0000000708e00000| Untracked 
|  33|0x0000000709000000, 0x0000000709000000, 0x0000000709200000|  0%| F|  |TAMS 0x0000000709000000| PB 0x0000000709000000| Untracked 
|  34|0x0000000709200000, 0x0000000709200000, 0x0000000709400000|  0%| F|  |TAMS 0x0000000709200000| PB 0x0000000709200000| Untracked 
|  35|0x0000000709400000, 0x0000000709400000, 0x0000000709600000|  0%| F|  |TAMS 0x0000000709400000| PB 0x0000000709400000| Untracked 
|  36|0x0000000709600000, 0x0000000709600000, 0x0000000709800000|  0%| F|  |TAMS 0x0000000709600000| PB 0x0000000709600000| Untracked 
|  37|0x0000000709800000, 0x0000000709800000, 0x0000000709a00000|  0%| F|  |TAMS 0x0000000709800000| PB 0x0000000709800000| Untracked 
|  38|0x0000000709a00000, 0x0000000709a00000, 0x0000000709c00000|  0%| F|  |TAMS 0x0000000709a00000| PB 0x0000000709a00000| Untracked 
|  39|0x0000000709c00000, 0x0000000709c00000, 0x0000000709e00000|  0%| F|  |TAMS 0x0000000709c00000| PB 0x0000000709c00000| Untracked 
|  40|0x0000000709e00000, 0x0000000709e00000, 0x000000070a000000|  0%| F|  |TAMS 0x0000000709e00000| PB 0x0000000709e00000| Untracked 
|  41|0x000000070a000000, 0x000000070a000000, 0x000000070a200000|  0%| F|  |TAMS 0x000000070a000000| PB 0x000000070a000000| Untracked 
|  42|0x000000070a200000, 0x000000070a200000, 0x000000070a400000|  0%| F|  |TAMS 0x000000070a200000| PB 0x000000070a200000| Untracked 
|  43|0x000000070a400000, 0x000000070a400000, 0x000000070a600000|  0%| F|  |TAMS 0x000000070a400000| PB 0x000000070a400000| Untracked 
|  44|0x000000070a600000, 0x000000070a600000, 0x000000070a800000|  0%| F|  |TAMS 0x000000070a600000| PB 0x000000070a600000| Untracked 
|  45|0x000000070a800000, 0x000000070a800000, 0x000000070aa00000|  0%| F|  |TAMS 0x000000070a800000| PB 0x000000070a800000| Untracked 
|  46|0x000000070aa00000, 0x000000070aa00000, 0x000000070ac00000|  0%| F|  |TAMS 0x000000070aa00000| PB 0x000000070aa00000| Untracked 
|  47|0x000000070ac00000, 0x000000070ac00000, 0x000000070ae00000|  0%| F|  |TAMS 0x000000070ac00000| PB 0x000000070ac00000| Untracked 
|  48|0x000000070ae00000, 0x000000070ae00000, 0x000000070b000000|  0%| F|  |TAMS 0x000000070ae00000| PB 0x000000070ae00000| Untracked 
|  49|0x000000070b000000, 0x000000070b000000, 0x000000070b200000|  0%| F|  |TAMS 0x000000070b000000| PB 0x000000070b000000| Untracked 
|  50|0x000000070b200000, 0x000000070b200000, 0x000000070b400000|  0%| F|  |TAMS 0x000000070b200000| PB 0x000000070b200000| Untracked 
|  51|0x000000070b400000, 0x000000070b400000, 0x000000070b600000|  0%| F|  |TAMS 0x000000070b400000| PB 0x000000070b400000| Untracked 
|  52|0x000000070b600000, 0x000000070b600000, 0x000000070b800000|  0%| F|  |TAMS 0x000000070b600000| PB 0x000000070b600000| Untracked 
|  53|0x000000070b800000, 0x000000070b800000, 0x000000070ba00000|  0%| F|  |TAMS 0x000000070b800000| PB 0x000000070b800000| Untracked 
|  54|0x000000070ba00000, 0x000000070ba00000, 0x000000070bc00000|  0%| F|  |TAMS 0x000000070ba00000| PB 0x000000070ba00000| Untracked 
|  55|0x000000070bc00000, 0x000000070bc00000, 0x000000070be00000|  0%| F|  |TAMS 0x000000070bc00000| PB 0x000000070bc00000| Untracked 
|  56|0x000000070be00000, 0x000000070be00000, 0x000000070c000000|  0%| F|  |TAMS 0x000000070be00000| PB 0x000000070be00000| Untracked 
|  57|0x000000070c000000, 0x000000070c000000, 0x000000070c200000|  0%| F|  |TAMS 0x000000070c000000| PB 0x000000070c000000| Untracked 
|  58|0x000000070c200000, 0x000000070c200000, 0x000000070c400000|  0%| F|  |TAMS 0x000000070c200000| PB 0x000000070c200000| Untracked 
|  59|0x000000070c400000, 0x000000070c400000, 0x000000070c600000|  0%| F|  |TAMS 0x000000070c400000| PB 0x000000070c400000| Untracked 
|  60|0x000000070c600000, 0x000000070c600000, 0x000000070c800000|  0%| F|  |TAMS 0x000000070c600000| PB 0x000000070c600000| Untracked 
|  61|0x000000070c800000, 0x000000070c800000, 0x000000070ca00000|  0%| F|  |TAMS 0x000000070c800000| PB 0x000000070c800000| Untracked 
|  62|0x000000070ca00000, 0x000000070ca00000, 0x000000070cc00000|  0%| F|  |TAMS 0x000000070ca00000| PB 0x000000070ca00000| Untracked 
|  63|0x000000070cc00000, 0x000000070cc00000, 0x000000070ce00000|  0%| F|  |TAMS 0x000000070cc00000| PB 0x000000070cc00000| Untracked 
|  64|0x000000070ce00000, 0x000000070ce00000, 0x000000070d000000|  0%| F|  |TAMS 0x000000070ce00000| PB 0x000000070ce00000| Untracked 
|  65|0x000000070d000000, 0x000000070d000000, 0x000000070d200000|  0%| F|  |TAMS 0x000000070d000000| PB 0x000000070d000000| Untracked 
|  66|0x000000070d200000, 0x000000070d200000, 0x000000070d400000|  0%| F|  |TAMS 0x000000070d200000| PB 0x000000070d200000| Untracked 
|  67|0x000000070d400000, 0x000000070d400000, 0x000000070d600000|  0%| F|  |TAMS 0x000000070d400000| PB 0x000000070d400000| Untracked 
|  68|0x000000070d600000, 0x000000070d600000, 0x000000070d800000|  0%| F|  |TAMS 0x000000070d600000| PB 0x000000070d600000| Untracked 
|  69|0x000000070d800000, 0x000000070d800000, 0x000000070da00000|  0%| F|  |TAMS 0x000000070d800000| PB 0x000000070d800000| Untracked 
|  70|0x000000070da00000, 0x000000070da00000, 0x000000070dc00000|  0%| F|  |TAMS 0x000000070da00000| PB 0x000000070da00000| Untracked 
|  71|0x000000070dc00000, 0x000000070dc00000, 0x000000070de00000|  0%| F|  |TAMS 0x000000070dc00000| PB 0x000000070dc00000| Untracked 
|  72|0x000000070de00000, 0x000000070de00000, 0x000000070e000000|  0%| F|  |TAMS 0x000000070de00000| PB 0x000000070de00000| Untracked 
|  73|0x000000070e000000, 0x000000070e000000, 0x000000070e200000|  0%| F|  |TAMS 0x000000070e000000| PB 0x000000070e000000| Untracked 

Card table byte_map: [0x000001f4fab60000,0x000001f4fb340000] _byte_map_base: 0x000001f4f7339000

Marking Bits: (CMBitMap*) 0x000001f4f3735e40
 Bits: [0x000001f4fb340000, 0x000001f4ff208000)

Polling page: 0x000001f4f1360000

Metaspace:

Usage:
  Non-class:     68.85 MB used.
      Class:     11.66 MB used.
       Both:     80.50 MB used.

Virtual space:
  Non-class space:      128.00 MB reserved,      69.69 MB ( 54%) committed,  2 nodes.
      Class space:        1.00 GB reserved,      12.25 MB (  1%) committed,  1 nodes.
             Both:        1.12 GB reserved,      81.94 MB (  7%) committed. 

Chunk freelists:
   Non-Class:  10.33 MB
       Class:  4.07 MB
        Both:  14.40 MB

MaxMetaspaceSize: unlimited
CompressedClassSpaceSize: 1.00 GB
Initial GC threshold: 21.00 MB
Current GC threshold: 136.50 MB
CDS: on
 - commit_granule_bytes: 65536.
 - commit_granule_words: 8192.
 - virtual_space_node_default_size: 8388608.
 - enlarge_chunks_in_place: 1.
 - use_allocation_guard: 0.


Internal statistics:

num_allocs_failed_limit: 9.
num_arena_births: 2266.
num_arena_deaths: 1264.
num_vsnodes_births: 3.
num_vsnodes_deaths: 0.
num_space_committed: 1322.
num_space_uncommitted: 3.
num_chunks_returned_to_freelist: 1694.
num_chunks_taken_from_freelist: 5940.
num_chunk_merges: 363.
num_chunk_splits: 3667.
num_chunks_enlarged: 2739.
num_inconsistent_stats: 0.

CodeCache: size=49152Kb used=12734Kb max_used=17677Kb free=36417Kb
 bounds [0x000001f4f7050000, 0x000001f4f8230000, 0x000001f4fa050000]
 total_blobs=6943 nmethods=6212 adapters=652
 compilation: enabled
              stopped_count=0, restarted_count=0
 full_count=0

Compilation events (20 events):
Event: 2055.128 Thread 0x000001f4fff242f0 14030   !   1       jdk.proxy2.$Proxy36::annotationType (29 bytes)
Event: 2055.128 Thread 0x000001f4fff242f0 nmethod 14030 0x000001f4f79c6290 code [0x000001f4f79c6460, 0x000001f4f79c6690]
Event: 2055.143 Thread 0x000001f4fff242f0 14031       1       org.springframework.core.convert.support.GenericConversionService::convert (20 bytes)
Event: 2055.143 Thread 0x000001f4fff242f0 nmethod 14031 0x000001f4f7a1c410 code [0x000001f4f7a1c5e0, 0x000001f4f7a1c808]
Event: 2055.146 Thread 0x000001f4fff242f0 14032       1       org.springframework.core.env.AbstractPropertyResolver::convertValueIfNecessary (38 bytes)
Event: 2055.146 Thread 0x000001f4fff242f0 nmethod 14032 0x000001f4f7703c10 code [0x000001f4f7703e20, 0x000001f4f7704280]
Event: 2055.193 Thread 0x000001f4fff242f0 14033       1       org.springframework.core.annotation.AnnotationAttributes::getClassArray (11 bytes)
Event: 2055.193 Thread 0x000001f4fff242f0 nmethod 14033 0x000001f4f72e0b90 code [0x000001f4f72e0d40, 0x000001f4f72e0e60]
Event: 2055.199 Thread 0x000001f4fff242f0 14034       1       org.springframework.boot.diagnostics.AbstractFailureAnalyzer::<init> (5 bytes)
Event: 2055.199 Thread 0x000001f4fff242f0 nmethod 14034 0x000001f4f7437490 code [0x000001f4f7437620, 0x000001f4f74376e8]
Event: 2055.200 Thread 0x000001f4fff242f0 14035       1       org.springframework.boot.diagnostics.AbstractFailureAnalyzer::findCause (24 bytes)
Event: 2055.200 Thread 0x000001f4fff242f0 nmethod 14035 0x000001f4f733ce10 code [0x000001f4f733cfc0, 0x000001f4f733d150]
Event: 2055.200 Thread 0x000001f4fff242f0 14036       1       org.springframework.boot.diagnostics.AbstractFailureAnalyzer::analyze (25 bytes)
Event: 2055.200 Thread 0x000001f4fff242f0 nmethod 14036 0x000001f4f748d690 code [0x000001f4f748d880, 0x000001f4f748db90]
Event: 2055.200 Thread 0x000001f4fff242f0 14037       1       org.springframework.boot.diagnostics.AbstractFailureAnalyzer::getCauseType (16 bytes)
Event: 2055.200 Thread 0x000001f4fff242f0 nmethod 14037 0x000001f4f7914090 code [0x000001f4f7914280, 0x000001f4f79144d8]
Event: 2055.200 Thread 0x000001f4fff242f0 14038   !   1       ch.qos.logback.classic.spi.PackagingDataCalculator::loadClass (25 bytes)
Event: 2055.200 Thread 0x000001f4fff242f0 nmethod 14038 0x000001f4f7b6f290 code [0x000001f4f7b6f460, 0x000001f4f7b6f6c0]
Event: 2055.201 Thread 0x000001f4fff242f0 14039       1       java.nio.DirectByteBuffer::cleaner (5 bytes)
Event: 2055.201 Thread 0x000001f4fff242f0 nmethod 14039 0x000001f4f74ba190 code [0x000001f4f74ba320, 0x000001f4f74ba3f0]

GC Heap History (20 events):
Event: 1937.975 GC heap after
{Heap after GC invocations=48 (full 2):
 garbage-first heap   total 143360K, used 37200K [0x0000000704e00000, 0x0000000800000000)
  region size 2048K, 1 young (2048K), 1 survivors (2048K)
 Metaspace       used 82811K, committed 83648K, reserved 1179648K
  class space    used 12009K, committed 12352K, reserved 1048576K
}
Event: 1938.698 GC heap before
{Heap before GC invocations=48 (full 2):
 garbage-first heap   total 143360K, used 119120K [0x0000000704e00000, 0x0000000800000000)
  region size 2048K, 42 young (86016K), 1 survivors (2048K)
 Metaspace       used 83113K, committed 84032K, reserved 1179648K
  class space    used 12079K, committed 12416K, reserved 1048576K
}
Event: 1938.705 GC heap after
{Heap after GC invocations=49 (full 2):
 garbage-first heap   total 143360K, used 45685K [0x0000000704e00000, 0x0000000800000000)
  region size 2048K, 5 young (10240K), 5 survivors (10240K)
 Metaspace       used 83113K, committed 84032K, reserved 1179648K
  class space    used 12079K, committed 12416K, reserved 1048576K
}
Event: 1940.363 GC heap before
{Heap before GC invocations=49 (full 2):
 garbage-first heap   total 143360K, used 76405K [0x0000000704e00000, 0x0000000800000000)
  region size 2048K, 21 young (43008K), 5 survivors (10240K)
 Metaspace       used 83392K, committed 84416K, reserved 1179648K
  class space    used 12128K, committed 12544K, reserved 1048576K
}
Event: 1940.406 GC heap after
{Heap after GC invocations=50 (full 3):
 garbage-first heap   total 143360K, used 36443K [0x0000000704e00000, 0x0000000800000000)
  region size 2048K, 0 young (0K), 0 survivors (0K)
 Metaspace       used 82218K, committed 83712K, reserved 1179648K
  class space    used 11921K, committed 12544K, reserved 1048576K
}
Event: 1941.120 GC heap before
{Heap before GC invocations=50 (full 3):
 garbage-first heap   total 143360K, used 120411K [0x0000000704e00000, 0x0000000800000000)
  region size 2048K, 42 young (86016K), 0 survivors (0K)
 Metaspace       used 82254K, committed 83712K, reserved 1179648K
  class space    used 11925K, committed 12544K, reserved 1048576K
}
Event: 1941.125 GC heap after
{Heap after GC invocations=51 (full 3):
 garbage-first heap   total 143360K, used 43914K [0x0000000704e00000, 0x0000000800000000)
  region size 2048K, 4 young (8192K), 4 survivors (8192K)
 Metaspace       used 82254K, committed 83712K, reserved 1179648K
  class space    used 11925K, committed 12544K, reserved 1048576K
}
Event: 1944.724 GC heap before
{Heap before GC invocations=52 (full 3):
 garbage-first heap   total 143360K, used 62346K [0x0000000704e00000, 0x0000000800000000)
  region size 2048K, 14 young (28672K), 4 survivors (8192K)
 Metaspace       used 82333K, committed 83712K, reserved 1179648K
  class space    used 11930K, committed 12544K, reserved 1048576K
}
Event: 1944.779 GC heap after
{Heap after GC invocations=53 (full 4):
 garbage-first heap   total 143360K, used 40447K [0x0000000704e00000, 0x0000000800000000)
  region size 2048K, 0 young (0K), 0 survivors (0K)
 Metaspace       used 82333K, committed 83712K, reserved 1179648K
  class space    used 11930K, committed 12544K, reserved 1048576K
}
Event: 1993.291 GC heap before
{Heap before GC invocations=53 (full 4):
 garbage-first heap   total 143360K, used 120319K [0x0000000704e00000, 0x0000000800000000)
  region size 2048K, 40 young (81920K), 0 survivors (0K)
 Metaspace       used 82447K, committed 83776K, reserved 1179648K
  class space    used 11946K, committed 12544K, reserved 1048576K
}
Event: 1993.295 GC heap after
{Heap after GC invocations=54 (full 4):
 garbage-first heap   total 143360K, used 41495K [0x0000000704e00000, 0x0000000800000000)
  region size 2048K, 1 young (2048K), 1 survivors (2048K)
 Metaspace       used 82447K, committed 83776K, reserved 1179648K
  class space    used 11946K, committed 12544K, reserved 1048576K
}
Event: 2004.789 GC heap before
{Heap before GC invocations=55 (full 4):
 garbage-first heap   total 143360K, used 121367K [0x0000000704e00000, 0x0000000800000000)
  region size 2048K, 41 young (83968K), 1 survivors (2048K)
 Metaspace       used 82522K, committed 83776K, reserved 1179648K
  class space    used 11963K, committed 12544K, reserved 1048576K
}
Event: 2004.797 GC heap after
{Heap after GC invocations=56 (full 4):
 garbage-first heap   total 143360K, used 47037K [0x0000000704e00000, 0x0000000800000000)
  region size 2048K, 4 young (8192K), 4 survivors (8192K)
 Metaspace       used 82522K, committed 83776K, reserved 1179648K
  class space    used 11963K, committed 12544K, reserved 1048576K
}
Event: 2040.917 GC heap before
{Heap before GC invocations=56 (full 4):
 garbage-first heap   total 143360K, used 118717K [0x0000000704e00000, 0x0000000800000000)
  region size 2048K, 39 young (79872K), 4 survivors (8192K)
 Metaspace       used 82633K, committed 83840K, reserved 1179648K
  class space    used 11979K, committed 12544K, reserved 1048576K
}
Event: 2040.928 GC heap after
{Heap after GC invocations=57 (full 4):
 garbage-first heap   total 143360K, used 45917K [0x0000000704e00000, 0x0000000800000000)
  region size 2048K, 1 young (2048K), 1 survivors (2048K)
 Metaspace       used 82633K, committed 83840K, reserved 1179648K
  class space    used 11979K, committed 12544K, reserved 1048576K
}
Event: 2051.619 GC heap before
{Heap before GC invocations=57 (full 4):
 garbage-first heap   total 143360K, used 123741K [0x0000000704e00000, 0x0000000800000000)
  region size 2048K, 40 young (81920K), 1 survivors (2048K)
 Metaspace       used 82669K, committed 83840K, reserved 1179648K
  class space    used 11983K, committed 12544K, reserved 1048576K
}
Event: 2051.624 GC heap after
{Heap after GC invocations=58 (full 4):
 garbage-first heap   total 143360K, used 50995K [0x0000000704e00000, 0x0000000800000000)
  region size 2048K, 3 young (6144K), 3 survivors (6144K)
 Metaspace       used 82669K, committed 83840K, reserved 1179648K
  class space    used 11983K, committed 12544K, reserved 1048576K
}
Event: 2054.757 GC heap before
{Heap before GC invocations=59 (full 4):
 garbage-first heap   total 143360K, used 87859K [0x0000000704e00000, 0x0000000800000000)
  region size 2048K, 22 young (45056K), 3 survivors (6144K)
 Metaspace       used 82541K, committed 83904K, reserved 1179648K
  class space    used 11933K, committed 12544K, reserved 1048576K
}
Event: 2054.808 GC heap after
{Heap after GC invocations=60 (full 5):
 garbage-first heap   total 143360K, used 40703K [0x0000000704e00000, 0x0000000800000000)
  region size 2048K, 0 young (0K), 0 survivors (0K)
 Metaspace       used 82324K, committed 83904K, reserved 1179648K
  class space    used 11921K, committed 12544K, reserved 1048576K
}
Event: 2093.064 GC heap before
{Heap before GC invocations=60 (full 5):
 garbage-first heap   total 143360K, used 124671K [0x0000000704e00000, 0x0000000800000000)
  region size 2048K, 41 young (83968K), 0 survivors (0K)
 Metaspace       used 82436K, committed 83904K, reserved 1179648K
  class space    used 11936K, committed 12544K, reserved 1048576K
}

Dll operation events (10 events):
Event: 0.018 Loaded shared library C:\STS\sts-4.30.0.RELEASE\plugins\org.eclipse.justj.openjdk.hotspot.jre.full.win32.x86_64_21.0.6.v20250130-0529\jre\bin\java.dll
Event: 0.066 Loaded shared library C:\STS\sts-4.30.0.RELEASE\plugins\org.eclipse.justj.openjdk.hotspot.jre.full.win32.x86_64_21.0.6.v20250130-0529\jre\bin\zip.dll
Event: 0.273 Loaded shared library C:\STS\sts-4.30.0.RELEASE\plugins\org.eclipse.justj.openjdk.hotspot.jre.full.win32.x86_64_21.0.6.v20250130-0529\jre\bin\jimage.dll
Event: 0.284 Loaded shared library C:\STS\sts-4.30.0.RELEASE\plugins\org.eclipse.justj.openjdk.hotspot.jre.full.win32.x86_64_21.0.6.v20250130-0529\jre\bin\net.dll
Event: 0.287 Loaded shared library C:\STS\sts-4.30.0.RELEASE\plugins\org.eclipse.justj.openjdk.hotspot.jre.full.win32.x86_64_21.0.6.v20250130-0529\jre\bin\nio.dll
Event: 0.292 Loaded shared library C:\STS\sts-4.30.0.RELEASE\plugins\org.eclipse.justj.openjdk.hotspot.jre.full.win32.x86_64_21.0.6.v20250130-0529\jre\bin\zip.dll
Event: 0.445 Loaded shared library C:\STS\sts-4.30.0.RELEASE\plugins\org.eclipse.justj.openjdk.hotspot.jre.full.win32.x86_64_21.0.6.v20250130-0529\jre\bin\management.dll
Event: 0.498 Loaded shared library C:\STS\sts-4.30.0.RELEASE\plugins\org.eclipse.justj.openjdk.hotspot.jre.full.win32.x86_64_21.0.6.v20250130-0529\jre\bin\management_ext.dll
Event: 1.180 Loaded shared library C:\STS\sts-4.30.0.RELEASE\plugins\org.eclipse.justj.openjdk.hotspot.jre.full.win32.x86_64_21.0.6.v20250130-0529\jre\bin\extnet.dll
Event: 3.652 Loaded shared library C:\STS\sts-4.30.0.RELEASE\plugins\org.eclipse.justj.openjdk.hotspot.jre.full.win32.x86_64_21.0.6.v20250130-0529\jre\bin\sunmscapi.dll

Deoptimization events (2 events):
Event: 17.187 Thread 0x000001f4cad0eb40 DEOPT PACKING pc=0x000001f4f7f7979c sp=0x0000008b9a0fc9f0
Event: 17.187 Thread 0x000001f4cad0eb40 DEOPT UNPACKING pc=0x000001f4f70a4e42 sp=0x0000008b9a0fbe90 mode 0

Classes loaded (20 events):
Event: 17.100 Loading class java/util/TreeMap$KeySpliterator
Event: 17.100 Loading class java/util/TreeMap$KeySpliterator done
Event: 17.181 Loading class jdk/internal/vm/annotation/ForceInline
Event: 17.181 Loading class jdk/internal/vm/annotation/ForceInline done
Event: 17.185 Loading class java/lang/constant/ClassDesc
Event: 17.185 Loading class java/lang/constant/ClassDesc done
Event: 228.402 Loading class java/util/concurrent/locks/AbstractQueuedSynchronizer$SharedNode
Event: 228.402 Loading class java/util/concurrent/locks/AbstractQueuedSynchronizer$SharedNode done
Event: 228.414 Loading class javax/management/NotificationBroadcasterSupport$WildcardListenerInfo
Event: 228.414 Loading class javax/management/NotificationBroadcasterSupport$WildcardListenerInfo done
Event: 228.500 Loading class java/lang/ref/Finalizer$2
Event: 228.501 Loading class java/lang/ref/Finalizer$2 done
Event: 228.501 Loading class java/lang/ref/Finalizer$1
Event: 228.501 Loading class java/lang/ref/Finalizer$1 done
Event: 229.521 Loading class java/time/DurationEditor
Event: 229.521 Loading class java/time/DurationEditor done
Event: 1938.567 Loading class java/time/DurationEditor
Event: 1938.567 Loading class java/time/DurationEditor done
Event: 1938.947 Loading class java/util/concurrent/locks/ReentrantReadWriteLock$Sync$HoldCounter
Event: 1938.947 Loading class java/util/concurrent/locks/ReentrantReadWriteLock$Sync$HoldCounter done

Classes unloaded (20 events):
Event: 2051.653 Thread 0x000001f4f1388880 Unloading class 0x000001f483c03000 'java/lang/invoke/LambdaForm$MH+0x000001f483c03000'
Event: 2051.653 Thread 0x000001f4f1388880 Unloading class 0x000001f483c01c00 'java/lang/invoke/LambdaForm$MH+0x000001f483c01c00'
Event: 2051.653 Thread 0x000001f4f1388880 Unloading class 0x000001f483c01800 'java/lang/invoke/LambdaForm$MH+0x000001f483c01800'
Event: 2051.653 Thread 0x000001f4f1388880 Unloading class 0x000001f483c01000 'java/lang/invoke/LambdaForm$MH+0x000001f483c01000'
Event: 2051.653 Thread 0x000001f4f1388880 Unloading class 0x000001f483003000 'java/lang/invoke/LambdaForm$MH+0x000001f483003000'
Event: 2051.653 Thread 0x000001f4f1388880 Unloading class 0x000001f483003c00 'java/lang/invoke/LambdaForm$MH+0x000001f483003c00'
Event: 2051.653 Thread 0x000001f4f1388880 Unloading class 0x000001f483004400 'java/lang/invoke/LambdaForm$MH+0x000001f483004400'
Event: 2051.653 Thread 0x000001f4f1388880 Unloading class 0x000001f483004800 'java/lang/invoke/LambdaForm$MH+0x000001f483004800'
Event: 2051.653 Thread 0x000001f4f1388880 Unloading class 0x000001f483008400 'java/lang/invoke/LambdaForm$MH+0x000001f483008400'
Event: 2051.653 Thread 0x000001f4f1388880 Unloading class 0x000001f4830c1000 'java/lang/invoke/LambdaForm$MH+0x000001f4830c1000'
Event: 2051.653 Thread 0x000001f4f1388880 Unloading class 0x000001f4830c3800 'java/lang/invoke/LambdaForm$MH+0x000001f4830c3800'
Event: 2051.653 Thread 0x000001f4f1388880 Unloading class 0x000001f4830c4800 'java/lang/invoke/LambdaForm$MH+0x000001f4830c4800'
Event: 2054.778 Thread 0x000001f4f1388880 Unloading class 0x000001f483c2bc00 'jdk/internal/reflect/GeneratedSerializationConstructorAccessor81'
Event: 2054.778 Thread 0x000001f4f1388880 Unloading class 0x000001f483c2cc00 'jdk/internal/reflect/GeneratedSerializationConstructorAccessor80'
Event: 2054.778 Thread 0x000001f4f1388880 Unloading class 0x000001f483c2e800 'jdk/internal/reflect/GeneratedSerializationConstructorAccessor77'
Event: 2054.778 Thread 0x000001f4f1388880 Unloading class 0x000001f48346a000 'org/apache/catalina/loader/JdbcLeakPrevention'
Event: 2054.778 Thread 0x000001f4f1388880 Unloading class 0x000001f483534000 'jdk/proxy7/$Proxy220'
Event: 2054.778 Thread 0x000001f4f1388880 Unloading class 0x000001f48348c800 'jdk/proxy7/$Proxy219'
Event: 2054.778 Thread 0x000001f4f1388880 Unloading class 0x000001f483c2f000 'jdk/proxy6/$Proxy218'
Event: 2054.778 Thread 0x000001f4f1388880 Unloading class 0x000001f483c15000 'jdk/proxy6/$Proxy217'

Classes redefined (0 events):
No events

Internal exceptions (20 events):
Event: 2002.848 Thread 0x000001f4ca439590 Exception <a 'java/io/FileNotFoundException'{0x0000000709d7eb48}> (0x0000000709d7eb48) 
thrown [s\src\hotspot\share\prims\jni.cpp, line 520]
Event: 2002.943 Thread 0x000001f4ca439590 Exception <a 'java/io/FileNotFoundException'{0x0000000709738bd8}> (0x0000000709738bd8) 
thrown [s\src\hotspot\share\prims\jni.cpp, line 520]
Event: 2002.965 Thread 0x000001f4ca439c20 Exception <a 'java/lang/InterruptedException'{0x00000007094ad470}: sleep interrupted> (0x00000007094ad470) 
thrown [s\src\hotspot\share\prims\jvm.cpp, line 3074]
Event: 2002.979 Thread 0x000001f4ca439590 Exception <a 'java/lang/NoClassDefFoundError'{0x00000007094f44f0}: liquibase/exception/ChangeLogParseException> (0x00000007094f44f0) 
thrown [s\src\hotspot\share\classfile\systemDictionary.cpp, line 301]
Event: 2004.432 Thread 0x000001f4ca436e30 Exception <a 'sun/nio/fs/WindowsException'{0x00000007090085e8}> (0x00000007090085e8) 
thrown [s\src\hotspot\share\prims\jni.cpp, line 520]
Event: 2004.903 Thread 0x000001f4ca436e30 Exception <a 'java/lang/NoClassDefFoundError'{0x000000070be60f08}: com/razorpay/RazorpayClient> (0x000000070be60f08) 
thrown [s\src\hotspot\share\classfile\systemDictionary.cpp, line 301]
Event: 2004.906 Thread 0x000001f4ca436e30 Exception <a 'java/lang/NoClassDefFoundError'{0x000000070be9f4d8}: liquibase/exception/ChangeLogParseException> (0x000000070be9f4d8) 
thrown [s\src\hotspot\share\classfile\systemDictionary.cpp, line 301]
Event: 2050.987 Thread 0x000001f4ca4367a0 Exception <a 'sun/nio/fs/WindowsException'{0x000000070cfad810}> (0x000000070cfad810) 
thrown [s\src\hotspot\share\prims\jni.cpp, line 520]
Event: 2051.433 Thread 0x000001f4ca4367a0 Exception <a 'java/lang/NoClassDefFoundError'{0x000000070a2bba98}: org/flywaydb/core/Flyway> (0x000000070a2bba98) 
thrown [s\src\hotspot\share\oops\constantPool.cpp, line 873]
Event: 2051.433 Thread 0x000001f4ca4367a0 Exception <a 'java/lang/NoClassDefFoundError'{0x000000070a2bc0f8}: liquibase/integration/spring/SpringLiquibase> (0x000000070a2bc0f8) 
thrown [s\src\hotspot\share\oops\constantPool.cpp, line 873]
Event: 2051.435 Thread 0x000001f4ca4367a0 Exception <a 'java/lang/NoClassDefFoundError'{0x000000070a2f23f0}: org/jooq/DSLContext> (0x000000070a2f23f0) 
thrown [s\src\hotspot\share\oops\constantPool.cpp, line 873]
Event: 2051.439 Thread 0x000001f4ca4367a0 Exception <a 'java/lang/NoClassDefFoundError'{0x000000070a3e08f0}: org/springframework/batch/core/repository/JobRepository> (0x000000070a3e08f0) 
thrown [s\src\hotspot\share\oops\constantPool.cpp, line 873]
Event: 2051.439 Thread 0x000001f4ca4367a0 Exception <a 'java/lang/NoClassDefFoundError'{0x000000070a3e0f48}: org/quartz/Scheduler> (0x000000070a3e0f48) 
thrown [s\src\hotspot\share\oops\constantPool.cpp, line 873]
Event: 2051.439 Thread 0x000001f4ca4367a0 Exception <a 'java/lang/NoClassDefFoundError'{0x000000070a3e16e0}: org/springframework/session/jdbc/JdbcIndexedSessionRepository> (0x000000070a3e16e0) 
thrown [s\src\hotspot\share\oops\constantPool.cpp, line 873]
Event: 2051.486 Thread 0x000001f4ca4367a0 Exception <a 'java/io/FileNotFoundException'{0x0000000709af7970}> (0x0000000709af7970) 
thrown [s\src\hotspot\share\prims\jni.cpp, line 520]
Event: 2051.548 Thread 0x000001f4ca4367a0 Exception <a 'java/io/FileNotFoundException'{0x000000070946d8d8}> (0x000000070946d8d8) 
thrown [s\src\hotspot\share\prims\jni.cpp, line 520]
Event: 2054.756 Thread 0x000001f4ca4374c0 Exception <a 'java/lang/InterruptedException'{0x000000070b423de0}: sleep interrupted> (0x000000070b423de0) 
thrown [s\src\hotspot\share\prims\jvm.cpp, line 3074]
Event: 2054.819 Thread 0x000001f4c8087e10 Exception <a 'sun/nio/fs/WindowsException'{0x000000070e08c640}> (0x000000070e08c640) 
thrown [s\src\hotspot\share\prims\jni.cpp, line 520]
Event: 2055.194 Thread 0x000001f4c8087e10 Exception <a 'java/lang/NoClassDefFoundError'{0x000000070b714660}: com/razorpay/RazorpayClient> (0x000000070b714660) 
thrown [s\src\hotspot\share\classfile\systemDictionary.cpp, line 301]
Event: 2055.199 Thread 0x000001f4c8087e10 Exception <a 'java/lang/NoClassDefFoundError'{0x000000070b7433a0}: liquibase/exception/ChangeLogParseException> (0x000000070b7433a0) 
thrown [s\src\hotspot\share\classfile\systemDictionary.cpp, line 301]

ZGC Phase Switch (0 events):
No events

VM Operations (20 events):
Event: 2040.928 Executing VM operation: G1CollectForAllocation (G1 Evacuation Pause) done
Event: 2045.144 Executing VM operation: HandshakeAllThreads (HandshakeForDeflation)
Event: 2045.145 Executing VM operation: HandshakeAllThreads (HandshakeForDeflation) done
Event: 2045.145 Executing VM operation: RendezvousGCThreads
Event: 2045.145 Executing VM operation: RendezvousGCThreads done
Event: 2051.178 Executing VM operation: Cleanup
Event: 2051.178 Executing VM operation: Cleanup done
Event: 2051.619 Executing VM operation: G1CollectForAllocation (G1 Evacuation Pause)
Event: 2051.624 Executing VM operation: G1CollectForAllocation (G1 Evacuation Pause) done
Event: 2051.652 Executing VM operation: G1PauseRemark
Event: 2051.665 Executing VM operation: G1PauseRemark done
Event: 2051.679 Executing VM operation: G1PauseCleanup
Event: 2051.679 Executing VM operation: G1PauseCleanup done
Event: 2052.688 Executing VM operation: Cleanup
Event: 2052.688 Executing VM operation: Cleanup done
Event: 2054.757 Executing VM operation: G1CollectFull (System.gc())
Event: 2054.808 Executing VM operation: G1CollectFull (System.gc()) done
Event: 2055.817 Executing VM operation: Cleanup
Event: 2055.817 Executing VM operation: Cleanup done
Event: 2093.064 Executing VM operation: G1CollectForAllocation (G1 Evacuation Pause)

Memory protections (0 events):
No events

Nmethod flushes (20 events):
Event: 2054.785 Thread 0x000001f4f1388880 flushing  nmethod 0x000001f4f79c6290
Event: 2054.785 Thread 0x000001f4f1388880 flushing  nmethod 0x000001f4f7b6f290
Event: 2054.785 Thread 0x000001f4f1388880 flushing  nmethod 0x000001f4f7d0a490
Event: 2054.785 Thread 0x000001f4f1388880 flushing  nmethod 0x000001f4f7da1890
Event: 2054.785 Thread 0x000001f4f1388880 flushing  nmethod 0x000001f4f7da1c90
Event: 2054.785 Thread 0x000001f4f1388880 flushing  nmethod 0x000001f4f7da5e90
Event: 2054.785 Thread 0x000001f4f1388880 flushing  nmethod 0x000001f4f7e2dc90
Event: 2054.785 Thread 0x000001f4f1388880 flushing  nmethod 0x000001f4f7410010
Event: 2054.785 Thread 0x000001f4f1388880 flushing  nmethod 0x000001f4f748d690
Event: 2054.785 Thread 0x000001f4f1388880 flushing  nmethod 0x000001f4f748da90
Event: 2054.785 Thread 0x000001f4f1388880 flushing  nmethod 0x000001f4f748e290
Event: 2054.785 Thread 0x000001f4f1388880 flushing  nmethod 0x000001f4f7556210
Event: 2054.785 Thread 0x000001f4f1388880 flushing  nmethod 0x000001f4f7556810
Event: 2054.785 Thread 0x000001f4f1388880 flushing  nmethod 0x000001f4f76bf010
Event: 2054.785 Thread 0x000001f4f1388880 flushing  nmethod 0x000001f4f76d5d10
Event: 2054.785 Thread 0x000001f4f1388880 flushing  nmethod 0x000001f4f7914090
Event: 2054.785 Thread 0x000001f4f1388880 flushing  nmethod 0x000001f4f7deef10
Event: 2054.785 Thread 0x000001f4f1388880 flushing  nmethod 0x000001f4f7e13490
Event: 2054.785 Thread 0x000001f4f1388880 flushing  nmethod 0x000001f4f7e14290
Event: 2054.785 Thread 0x000001f4f1388880 flushing  nmethod 0x000001f4f7e14610

Events (20 events):
Event: 2054.743 Thread 0x000001f4c8087e10 Thread exited: 0x000001f4c8087e10
Event: 2054.743 Thread 0x000001f4c8085020 Thread exited: 0x000001f4c8085020
Event: 2054.743 Thread 0x000001f4cab51960 Thread exited: 0x000001f4cab51960
Event: 2054.743 Thread 0x000001f4cad112a0 Thread exited: 0x000001f4cad112a0
Event: 2054.743 Thread 0x000001f4c8086a60 Thread exited: 0x000001f4c8086a60
Event: 2054.743 Thread 0x000001f4c80870f0 Thread exited: 0x000001f4c80870f0
Event: 2054.746 Thread 0x000001f4ca4367a0 Thread added: 0x000001f4ca4381e0
Event: 2054.747 Thread 0x000001f4cab512d0 Thread exited: 0x000001f4cab512d0
Event: 2054.747 Thread 0x000001f4cab4f200 Thread exited: 0x000001f4cab4f200
Event: 2054.756 Thread 0x000001f4ca4374c0 Thread exited: 0x000001f4ca4374c0
Event: 2054.808 Thread 0x000001f4ca4367a0 Thread added: 0x000001f4c8087780
Event: 2054.808 Thread 0x000001f4ca4381e0 Thread exited: 0x000001f4ca4381e0
Event: 2054.809 Thread 0x000001f4ca4367a0 Thread added: 0x000001f4c8087e10
Event: 2054.810 Thread 0x000001f4c8087780 Thread exited: 0x000001f4c8087780
Event: 2054.817 Thread 0x000001f4ca436e30 Thread exited: 0x000001f4ca436e30
Event: 2054.819 Thread 0x000001f4ca438870 Thread exited: 0x000001f4ca438870
Event: 2055.085 Thread 0x000001f4c8087e10 Thread added: 0x000001f4c80884a0
Event: 2055.099 Thread 0x000001f4c80884a0 Thread exited: 0x000001f4c80884a0
Event: 2055.201 Thread 0x000001f4c8087e10 Thread exited: 0x000001f4c8087e10
Event: 2055.201 Thread 0x000001f4ca4367a0 Thread added: 0x000001f4c80884a0


Dynamic libraries:
0x00007ff75a9e0000 - 0x00007ff75a9ee000 	C:\STS\sts-4.30.0.RELEASE\plugins\org.eclipse.justj.openjdk.hotspot.jre.full.win32.x86_64_21.0.6.v20250130-0529\jre\bin\javaw.exe
0x00007ffd8c540000 - 0x00007ffd8c7a7000 	C:\WINDOWS\SYSTEM32\ntdll.dll
0x00007ffd8a9f0000 - 0x00007ffd8aab9000 	C:\WINDOWS\System32\KERNEL32.DLL
0x00007ffd89690000 - 0x00007ffd89a7f000 	C:\WINDOWS\System32\KERNELBASE.dll
0x00007ffd89e20000 - 0x00007ffd89f6b000 	C:\WINDOWS\System32\ucrtbase.dll
0x00007ffd7b2e0000 - 0x00007ffd7b2fe000 	C:\STS\sts-4.30.0.RELEASE\plugins\org.eclipse.justj.openjdk.hotspot.jre.full.win32.x86_64_21.0.6.v20250130-0529\jre\bin\VCRUNTIME140.dll
0x00007ffd78af0000 - 0x00007ffd78b08000 	C:\STS\sts-4.30.0.RELEASE\plugins\org.eclipse.justj.openjdk.hotspot.jre.full.win32.x86_64_21.0.6.v20250130-0529\jre\bin\jli.dll
0x00007ffd8a590000 - 0x00007ffd8a755000 	C:\WINDOWS\System32\USER32.dll
0x00007ffd71cf0000 - 0x00007ffd71f83000 	C:\WINDOWS\WinSxS\amd64_microsoft.windows.common-controls_6595b64144ccf1df_6.0.26100.7309_none_3e05feeae336a044\COMCTL32.dll
0x00007ffd89df0000 - 0x00007ffd89e17000 	C:\WINDOWS\System32\win32u.dll
0x00007ffd8b010000 - 0x00007ffd8b0b9000 	C:\WINDOWS\System32\msvcrt.dll
0x00007ffd8afe0000 - 0x00007ffd8b00b000 	C:\WINDOWS\System32\GDI32.dll
0x00007ffd8a1b0000 - 0x00007ffd8a2dc000 	C:\WINDOWS\System32\gdi32full.dll
0x00007ffd89cb0000 - 0x00007ffd89d53000 	C:\WINDOWS\System32\msvcp_win.dll
0x00007ffd8b5d0000 - 0x00007ffd8b601000 	C:\WINDOWS\System32\IMM32.DLL
0x00007ffd78d00000 - 0x00007ffd78d0c000 	C:\STS\sts-4.30.0.RELEASE\plugins\org.eclipse.justj.openjdk.hotspot.jre.full.win32.x86_64_21.0.6.v20250130-0529\jre\bin\vcruntime140_1.dll
0x00007ffd5bff0000 - 0x00007ffd5c07d000 	C:\STS\sts-4.30.0.RELEASE\plugins\org.eclipse.justj.openjdk.hotspot.jre.full.win32.x86_64_21.0.6.v20250130-0529\jre\bin\msvcp140.dll
0x00007ffc6fd20000 - 0x00007ffc70ab0000 	C:\STS\sts-4.30.0.RELEASE\plugins\org.eclipse.justj.openjdk.hotspot.jre.full.win32.x86_64_21.0.6.v20250130-0529\jre\bin\server\jvm.dll
0x00007ffd8b610000 - 0x00007ffd8b6c4000 	C:\WINDOWS\System32\ADVAPI32.dll
0x00007ffd8c040000 - 0x00007ffd8c0e6000 	C:\WINDOWS\System32\sechost.dll
0x00007ffd8b0c0000 - 0x00007ffd8b1d8000 	C:\WINDOWS\System32\RPCRT4.dll
0x00007ffd8c0f0000 - 0x00007ffd8c164000 	C:\WINDOWS\System32\WS2_32.dll
0x00007ffd83150000 - 0x00007ffd8315b000 	C:\WINDOWS\SYSTEM32\VERSION.dll
0x00007ffd894f0000 - 0x00007ffd8954e000 	C:\WINDOWS\SYSTEM32\POWRPROF.dll
0x00007ffd80270000 - 0x00007ffd802a5000 	C:\WINDOWS\SYSTEM32\WINMM.dll
0x00007ffd894d0000 - 0x00007ffd894e4000 	C:\WINDOWS\SYSTEM32\UMPDC.dll
0x00007ffd88440000 - 0x00007ffd8845b000 	C:\WINDOWS\SYSTEM32\kernel.appcore.dll
0x00007ffd78ca0000 - 0x00007ffd78caa000 	C:\STS\sts-4.30.0.RELEASE\plugins\org.eclipse.justj.openjdk.hotspot.jre.full.win32.x86_64_21.0.6.v20250130-0529\jre\bin\jimage.dll
0x00007ffd86ca0000 - 0x00007ffd86ee2000 	C:\WINDOWS\SYSTEM32\DBGHELP.DLL
0x00007ffd8c170000 - 0x00007ffd8c4f6000 	C:\WINDOWS\System32\combase.dll
0x00007ffd8b4f0000 - 0x00007ffd8b5c6000 	C:\WINDOWS\System32\OLEAUT32.dll
0x00007ffd6f2c0000 - 0x00007ffd6f2fc000 	C:\WINDOWS\SYSTEM32\dbgcore.DLL
0x00007ffd89c00000 - 0x00007ffd89ca5000 	C:\WINDOWS\System32\bcryptPrimitives.dll
0x00007ffd78b10000 - 0x00007ffd78b2f000 	C:\STS\sts-4.30.0.RELEASE\plugins\org.eclipse.justj.openjdk.hotspot.jre.full.win32.x86_64_21.0.6.v20250130-0529\jre\bin\java.dll
0x00007ffd8b8b0000 - 0x00007ffd8c003000 	C:\WINDOWS\System32\SHELL32.dll
0x00007ffd89a90000 - 0x00007ffd89bfa000 	C:\WINDOWS\System32\wintypes.dll
0x00007ffd87110000 - 0x00007ffd8796e000 	C:\WINDOWS\SYSTEM32\windows.storage.dll
0x00007ffd8a2e0000 - 0x00007ffd8a3d5000 	C:\WINDOWS\System32\SHCORE.dll
0x00007ffd8a980000 - 0x00007ffd8a9e6000 	C:\WINDOWS\System32\shlwapi.dll
0x00007ffd895b0000 - 0x00007ffd895d9000 	C:\WINDOWS\SYSTEM32\profapi.dll
0x00007ffd78100000 - 0x00007ffd78118000 	C:\STS\sts-4.30.0.RELEASE\plugins\org.eclipse.justj.openjdk.hotspot.jre.full.win32.x86_64_21.0.6.v20250130-0529\jre\bin\zip.dll
0x00007ffd78a10000 - 0x00007ffd78a20000 	C:\STS\sts-4.30.0.RELEASE\plugins\org.eclipse.justj.openjdk.hotspot.jre.full.win32.x86_64_21.0.6.v20250130-0529\jre\bin\net.dll
0x00007ffd7f6f0000 - 0x00007ffd7f818000 	C:\WINDOWS\SYSTEM32\WINHTTP.dll
0x00007ffd889b0000 - 0x00007ffd88a1b000 	C:\WINDOWS\system32\mswsock.dll
0x00007ffd780e0000 - 0x00007ffd780f6000 	C:\STS\sts-4.30.0.RELEASE\plugins\org.eclipse.justj.openjdk.hotspot.jre.full.win32.x86_64_21.0.6.v20250130-0529\jre\bin\nio.dll
0x00007ffd75330000 - 0x00007ffd7533a000 	C:\STS\sts-4.30.0.RELEASE\plugins\org.eclipse.justj.openjdk.hotspot.jre.full.win32.x86_64_21.0.6.v20250130-0529\jre\bin\management.dll
0x00007ffd72330000 - 0x00007ffd7233b000 	C:\STS\sts-4.30.0.RELEASE\plugins\org.eclipse.justj.openjdk.hotspot.jre.full.win32.x86_64_21.0.6.v20250130-0529\jre\bin\management_ext.dll
0x00007ffd8b1e0000 - 0x00007ffd8b1e8000 	C:\WINDOWS\System32\PSAPI.DLL
0x00007ffd60050000 - 0x00007ffd60068000 	C:\WINDOWS\system32\napinsp.dll
0x00007ffd87fc0000 - 0x00007ffd880ec000 	C:\WINDOWS\SYSTEM32\DNSAPI.dll
0x00007ffd87f80000 - 0x00007ffd87fb4000 	C:\WINDOWS\SYSTEM32\IPHLPAPI.DLL
0x00007ffd8a3e0000 - 0x00007ffd8a3ea000 	C:\WINDOWS\System32\NSI.dll
0x00007ffd60030000 - 0x00007ffd60042000 	C:\WINDOWS\System32\winrnr.dll
0x00007ffd5f010000 - 0x00007ffd5f032000 	C:\WINDOWS\system32\nlansp_c.dll
0x00007ffd79fe0000 - 0x00007ffd79ff6000 	C:\WINDOWS\system32\wshbth.dll
0x00007ffd7a0c0000 - 0x00007ffd7a0cb000 	C:\Windows\System32\rasadhlp.dll
0x00007ffd82a30000 - 0x00007ffd82ab6000 	C:\WINDOWS\System32\fwpuclnt.dll
0x00007ffd88c80000 - 0x00007ffd88c9b000 	C:\WINDOWS\SYSTEM32\CRYPTSP.dll
0x00007ffd883a0000 - 0x00007ffd883da000 	C:\WINDOWS\system32\rsaenh.dll
0x00007ffd88a60000 - 0x00007ffd88a8b000 	C:\WINDOWS\SYSTEM32\USERENV.dll
0x00007ffd89580000 - 0x00007ffd895aa000 	C:\WINDOWS\SYSTEM32\bcrypt.dll
0x00007ffd88c70000 - 0x00007ffd88c7c000 	C:\WINDOWS\SYSTEM32\CRYPTBASE.dll
0x00007ffd78010000 - 0x00007ffd78019000 	C:\STS\sts-4.30.0.RELEASE\plugins\org.eclipse.justj.openjdk.hotspot.jre.full.win32.x86_64_21.0.6.v20250130-0529\jre\bin\extnet.dll
0x00007ffd78d10000 - 0x00007ffd78d1e000 	C:\STS\sts-4.30.0.RELEASE\plugins\org.eclipse.justj.openjdk.hotspot.jre.full.win32.x86_64_21.0.6.v20250130-0529\jre\bin\sunmscapi.dll
0x00007ffd89f70000 - 0x00007ffd8a0e7000 	C:\WINDOWS\System32\CRYPT32.dll
0x00007ffd88e90000 - 0x00007ffd88ec0000 	C:\WINDOWS\SYSTEM32\ncrypt.dll
0x00007ffd88e40000 - 0x00007ffd88e7f000 	C:\WINDOWS\SYSTEM32\NTASN1.dll
0x00007ffd54eb0000 - 0x00007ffd54eb8000 	C:\WINDOWS\system32\wshunix.dll

dbghelp: loaded successfully - version: 4.0.5 - missing functions: none
symbol engine: initialized successfully - sym options: 0x614 - pdb path: .;C:\STS\sts-4.30.0.RELEASE\plugins\org.eclipse.justj.openjdk.hotspot.jre.full.win32.x86_64_21.0.6.v20250130-0529\jre\bin;C:\WINDOWS\SYSTEM32;C:\WINDOWS\WinSxS\amd64_microsoft.windows.common-controls_6595b64144ccf1df_6.0.26100.7309_none_3e05feeae336a044;C:\STS\sts-4.30.0.RELEASE\plugins\org.eclipse.justj.openjdk.hotspot.jre.full.win32.x86_64_21.0.6.v20250130-0529\jre\bin\server

VM Arguments:
jvm_args: -Dcom.sun.management.jmxremote -Dcom.sun.management.jmxremote.port=65495 -Dcom.sun.management.jmxremote.authenticate=false -Dcom.sun.management.jmxremote.ssl=false -Djava.rmi.server.hostname=localhost -Dspring.jmx.enabled=true -Dmanagement.endpoints.jmx.exposure.include=* -Dspring.application.admin.enabled=true -Dspring.output.ansi.enabled=always -XX:TieredStopAtLevel=1 -Dspring.boot.project.name=spring_boot_backend -Dfile.encoding=UTF-8 -Dstdout.encoding=UTF-8 -Dstderr.encoding=UTF-8 -XX:+ShowCodeDetailsInExceptionMessages 
java_command: com.backend.Application
java_class_path (initial): S:\PG-DAC\Project_Quick_Serve\QuickServe\spring_boot_backend\target\classes;C:\Users\Yashraj\.m2\repository\org\springframework\boot\spring-boot-starter-actuator\3.5.8\spring-boot-starter-actuator-3.5.8.jar;C:\Users\Yashraj\.m2\repository\org\springframework\boot\spring-boot-starter\3.5.8\spring-boot-starter-3.5.8.jar;C:\Users\Yashraj\.m2\repository\org\springframework\boot\spring-boot-starter-logging\3.5.8\spring-boot-starter-logging-3.5.8.jar;C:\Users\Yashraj\.m2\repository\ch\qos\logback\logback-classic\1.5.21\logback-classic-1.5.21.jar;C:\Users\Yashraj\.m2\repository\ch\qos\logback\logback-core\1.5.21\logback-core-1.5.21.jar;C:\Users\Yashraj\.m2\repository\org\apache\logging\log4j\log4j-to-slf4j\2.24.3\log4j-to-slf4j-2.24.3.jar;C:\Users\Yashraj\.m2\repository\org\apache\logging\log4j\log4j-api\2.24.3\log4j-api-2.24.3.jar;C:\Users\Yashraj\.m2\repository\org\slf4j\jul-to-slf4j\2.0.17\jul-to-slf4j-2.0.17.jar;C:\Users\Yashraj\.m2\repository\jakarta\annotation\jakarta.annotation-api\2.1.1\jakarta.annotation-api-2.1.1.jar;C:\Users\Yashraj\.m2\repository\org\yaml\snakeyaml\2.4\snakeyaml-2.4.jar;C:\Users\Yashraj\.m2\repository\org\springframework\boot\spring-boot-actuator-autoconfigure\3.5.8\spring-boot-actuator-autoconfigure-3.5.8.jar;C:\Users\Yashraj\.m2\repository\org\springframework\boot\spring-boot-actuator\3.5.8\spring-boot-actuator-3.5.8.jar;C:\Users\Yashraj\.m2\repository\com\fasterxml\jackson\core\jackson-databind\2.19.4\jackson-databind-2.19.4.jar;C:\Users\Yashraj\.m2\repository\com\fasterxml\jackson\core\jackson-annotations\2.19.4\jackson-annotations-2.19.4.jar;C:\Users\Yashraj\.m2\repository\com\fasterxml\jackson\core\jackson-core\2.19.4\jackson-core-2.19.4.jar;C:\Users\Yashraj\.m2\repository\com\fasterxml\jackson\datatype\jackson-datatype-jsr310\2.19.4\jackson-datatype-jsr310-2.19.4.jar;C:\Users\Yashraj\.m2\repository\io\micrometer\micrometer-observation\1.15.6\micrometer-observation-1.15.6.jar;C:\Users\Yashraj\.m2\repository\io\micrometer\micrometer-commons\1.15.6\micrometer-commons-1.15.6.jar;C:\Users\Yashraj\.m2\repository\io\micrometer\micrometer-jakarta9\1.15.6\micrometer-jakarta9-1.15.6.jar;C:\Users\Yashraj\.m2\repository\io\micrometer\micrometer-core\1.15.6\micrometer-core-1.15.6.jar;C:\Users\Yashraj\.m2\repository\org\hdrhistogram\HdrHistogram\2.2.2\HdrHistogram-2.2.2.jar;C:\Users\Yashraj\.m2\repository\org\latencyutils\LatencyUtils\2.0.3\LatencyUtils-2.0.3.jar;C:\Users\Yashraj\.m2\repository\org\springframework\boot\spring-boot-starter-data-jpa\3.5.8\spring-boot-starter-data-jpa-3.5.8.jar;C:\Users\Yashraj\.m2\repository\org\springframework\boot\spring-boot-starter-jdbc\3.5.8\spring-boot-starter-jdbc-3.5.8.jar;C:\Users\Yashraj\.m2\repository\com\zaxxer\HikariCP\6.3.3\HikariCP-6.3.3.jar;C:\Users\Yashraj\.m2\repository\org\springframework\spring-jdbc\6.2.14\spring-jdbc-6.2.14.jar;C:\Users\Yashraj\.m2\repository\org\hibernate\orm\hibernate-core\6.6.36.Final\hibernate-core-6.6.36.Final.jar;C:\Users\Yashraj\.m2\repository\jakarta\persistence\jakarta.persistence-api\3.1.0\jakarta.persistence-api-3.1.0.jar;C:\Users\Yashraj\.m2\repository\jakarta\transaction\jakarta.transaction-api\2.0.1\jakarta.transaction-api-2.0.1.jar;C:\Users\Yashraj\.m2\repository\org\jboss\logging\jboss-logging\3.6.1.Final\jboss-logging-3.6.1.Final.jar;C:\Users\Yashraj\.m2\repository\org\hibernate\common\hibernate-commons-annotations\7.0.3.Final\hibernate-commons-annotations-7.0.3.Final.jar;C:\Users\Yashraj\.m2\repository\io\smallrye\jandex\3.2.0\jandex-3.2.0.jar;C:\Users\Yashraj\.m2\repository\com\fasterxml\classmate\1.7.1\classmate-1.7.1.jar;C:\Users\Yashraj\.m2\repository\net\bytebuddy\byte-buddy\1.17.8\byte-buddy-1.17.8.jar;C:\Users\Yashraj\.m2\repository\org\glassfish\jaxb\jaxb-runtime\4.0.6\jaxb-runtime-4.0.6.jar;C:\Users\Yashraj\.m2\repository\org\glassfish\jaxb\jaxb-core\4.0.6\jaxb-core-4.0.6.jar;C:\Users\Yashraj\.m2\repository\org\eclipse\angus\angus-activation\2.0.3\angus-activation-2.0.3.jar;C:\Users\Yashraj\.m2\repository\org\glassfish\jaxb\txw2\4.0.6\txw2-4.0.6.jar;C:\Users\Yashraj\.m2\repository\com\sun\istack\istack-commons-runtime\4.1.2\istack-commons-runtime-4.1.2.jar;C:\Users\Yashraj\.m2\repository\jakarta\inject\jakarta.inject-api\2.0.1\jakarta.inject-api-2.0.1.jar;C:\Users\Yashraj\.m2\repository\org\antlr\antlr4-runtime\4.13.0\antlr4-runtime-4.13.0.jar;C:\Users\Yashraj\.m2\repository\org\springframework\data\spring-data-jpa\3.5.6\spring-data-jpa-3.5.6.jar;C:\Users\Yashraj\.m2\repository\org\springframework\data\spring-data-commons\3.5.6\spring-data-commons-3.5.6.jar;C:\Users\Yashraj\.m2\repository\org\springframework\spring-orm\6.2.14\spring-orm-6.2.14.jar;C:\Users\Yashraj\.m2\repository\org\springframework\spring-context\6.2.14\spring-context-6.2.14.jar;C:\Users\Yashraj\.m2\repository\org\springframework\spring-aop\6.2.14\spring-aop-6.2.14.jar;C:\Users\Yashraj\.m2\repository\org\springframework\spring-tx\6.2.14\spring-tx-6.2.14.jar;C:\Users\Yashraj\.m2\repository\org\springframework\spring-beans\6.2.14\spring-beans-6.2.14.jar;C:\Users\Yashraj\.m2\repository\org\slf4j\slf4j-api\2.0.17\slf4j-api-2.0.17.jar;C:\Users\Yashraj\.m2\repository\org\springframework\spring-aspects\6.2.14\spring-aspects-6.2.14.jar;C:\Users\Yashraj\.m2\repository\org\aspectj\aspectjweaver\1.9.25\aspectjweaver-1.9.25.jar;C:\Users\Yashraj\.m2\repository\org\springframework\boot\spring-boot-starter-validation\3.5.8\spring-boot-starter-validation-3.5.8.jar;C:\Users\Yashraj\.m2\repository\org\apache\tomcat\embed\tomcat-embed-el\10.1.49\tomcat-embed-el-10.1.49.jar;C:\Users\Yashraj\.m2\repository\org\hibernate\validator\hibernate-validator\8.0.3.Final\hibernate-validator-8.0.3.Final.jar;C:\Users\Yashraj\.m2\repository\jakarta\validation\jakarta.validation-api\3.0.2\jakarta.validation-api-3.0.2.jar;C:\Users\Yashraj\.m2\repository\org\springframework\boot\spring-boot-starter-web\3.5.8\spring-boot-starter-web-3.5.8.jar;C:\Users\Yashraj\.m2\repository\org\springframework\boot\spring-boot-starter-json\3.5.8\spring-boot-starter-json-3.5.8.jar;C:\Users\Yashraj\.m2\repository\com\fasterxml\jackson\datatype\jackson-datatype-jdk8\2.19.4\jackson-datatype-jdk8-2.19.4.jar;C:\Users\Yashraj\.m2\repository\com\fasterxml\jackson\module\jackson-module-parameter-names\2.19.4\jackson-module-parameter-names-2.19.4.jar;C:\Users\Yashraj\.m2\repository\org\springframework\boot\spring-boot-starter-tomcat\3.5.8\spring-boot-starter-tomcat-3.5.8.jar;C:\Users\Yashraj\.m2\repository\org\apache\tomcat\embed\tomcat-embed-core\10.1.49\tomcat-embed-core-10.1.49.jar;C:\Users\Yashraj\.m2\repository\org\apache\tomcat\embed\tomcat-embed-websocket\10.1.49\tomcat-embed-websocket-10.1.49.jar;C:\Users\Yashraj\.m2\repository\org\springframework\spring-web\6.2.14\spring-web-6.2.14.jar;C:\Users\Yashraj\.m2\repository\org\springframework\spring-webmvc\6.2.14\spring-webmvc-6.2.14.jar;C:\Users\Yashraj\.m2\repository\org\springframework\spring-expression\6.2.14\spring-expression-6.2.14.jar;C:\Users\Yashraj\.m2\repository\org\springframework\boot\spring-boot-devtools\3.5.8\spring-boot-devtools-3.5.8.jar;C:\Users\Yashraj\.m2\repository\org\springframework\boot\spring-boot\3.5.8\spring-boot-3.5.8.jar;C:\Users\Yashraj\.m2\repository\org\springframework\boot\spring-boot-autoconfigure\3.5.8\spring-boot-autoconfigure-3.5.8.jar;C:\Users\Yashraj\.m2\repository\com\mysql\mysql-connector-j\9.5.0\mysql-connector-j-9.5.0.jar;C:\Users\Yashraj\.m2\repository\org\projectlombok\lombok\1.18.42\lombok-1.18.42.jar;C:\Users\Yashraj\.m2\repository\jakarta\xml\bind\jakarta.xml.bind-api\4.0.4\jakarta.xml.bind-api-4.0.4.jar;C:\Users\Yashraj\.m2\repository\jakarta\activation\jakarta.activation-api\2.1.4\jakarta.activation-api-2.1.4.jar;C:\Users\Yashraj\.m2\repository\org\springframework\spring-core\6.2.14\spring-core-6.2.14.jar;C:\Users\Yashraj\.m2\repository\org\springframework\spring-jcl\6.2.14\spring-jcl-6.2.14.jar;C:\Users\Yashraj\.m2\repository\org\springdoc\springdoc-openapi-starter-webmvc-ui\2.8.5\springdoc-openapi-starter-webmvc-ui-2.8.5.jar;C:\Users\Yashraj\.m2\repository\org\springdoc\springdoc-openapi-starter-webmvc-api\2.8.5\springdoc-openapi-starter-webmvc-api-2.8.5.jar;C:\Users\Yashraj\.m2\repository\org\springdoc\springdoc-openapi-starter-common\2.8.5\springdoc-openapi-starter-common-2.8.5.jar;C:\Users\Yashraj\.m2\repository\io\swagger\core\v3\swagger-core-jakarta\2.2.28\swagger-core-jakarta-2.2.28.jar;C:\Users\Yashraj\.m2\repository\io\swagger\core\v3\swagger-annotations-jakarta\2.2.28\swagger-annotations-jakarta-2.2.28.jar;C:\Users\Yashraj\.m2\repository\io\swagger\core\v3\swagger-models-jakarta\2.2.28\swagger-models-jakarta-2.2.28.jar;C:\Users\Yashraj\.m2\repository\com\fasterxml\jackson\dataformat\jackson-dataformat-yaml\2.19.4\jackson-dataformat-yaml-2.19.4.jar;C:\Users\Yashraj\.m2\repository\org\webjars\swagger-ui\5.18.3\swagger-ui-5.18.3.jar;C:\Users\Yashraj\.m2\repository\org\webjars\webjars-locator-lite\1.1.2\webjars-locator-lite-1.1.2.jar;C:\Users\Yashraj\.m2\repository\org\jspecify\jspecify\1.0.0\jspecify-1.0.0.jar;C:\Users\Yashraj\.m2\repository\org\modelmapper\modelmapper\3.2.5\modelmapper-3.2.5.jar;C:\Users\Yashraj\.m2\repository\com\cloudinary\cloudinary-http5\2.0.0\cloudinary-http5-2.0.0.jar;C:\Users\Yashraj\.m2\repository\com\cloudinary\cloudinary-core\2.0.0\cloudinary-core-2.0.0.jar;C:\Users\Yashraj\.m2\repository\org\apache\commons\commons-lang3\3.17.0\commons-lang3-3.17.0.jar;C:\Users\Yashraj\.m2\repository\org\apache\httpcomponents\client5\httpclient5\5.5.1\httpclient5-5.5.1.jar;C:\Users\Yashraj\.m2\repository\org\apache\httpcomponents\core5\httpcore5-h2\5.3.6\httpcore5-h2-5.3.6.jar;C:\Users\Yashraj\.m2\repository\org\apache\httpcomponents\core5\httpcore5\5.3.6\httpcore5-5.3.6.jar
Launcher Type: SUN_STANDARD

[Global flags]
     intx CICompilerCount                          = 4                                         {product} {ergonomic}
     uint ConcGCThreads                            = 3                                         {product} {ergonomic}
     uint G1ConcRefinementThreads                  = 10                                        {product} {ergonomic}
   size_t G1HeapRegionSize                         = 2097152                                   {product} {ergonomic}
    uintx GCDrainStackTargetSize                   = 64                                        {product} {ergonomic}
   size_t InitialHeapSize                          = 264241152                                 {product} {ergonomic}
     bool ManagementServer                         = true                                      {product} {command line}
   size_t MarkStackSize                            = 4194304                                   {product} {ergonomic}
   size_t MaxHeapSize                              = 4213178368                                {product} {ergonomic}
   size_t MaxNewSize                               = 2527068160                                {product} {ergonomic}
   size_t MinHeapDeltaBytes                        = 2097152                                   {product} {ergonomic}
   size_t MinHeapSize                              = 8388608                                   {product} {ergonomic}
    uintx NonNMethodCodeHeapSize                   = 4096                                   {pd product} {ergonomic}
    uintx NonProfiledCodeHeapSize                  = 0                                      {pd product} {ergonomic}
     bool ProfileInterpreter                       = false                                  {pd product} {command line}
    uintx ProfiledCodeHeapSize                     = 0                                      {pd product} {ergonomic}
     bool ShowCodeDetailsInExceptionMessages       = true                                   {manageable} {command line}
   size_t SoftMaxHeapSize                          = 4213178368                             {manageable} {ergonomic}
     intx TieredStopAtLevel                        = 1                                         {product} {command line}
     bool UseCompressedOops                        = true                           {product lp64_product} {ergonomic}
     bool UseG1GC                                  = true                                      {product} {ergonomic}
     bool UseLargePagesIndividualAllocation        = false                                  {pd product} {ergonomic}

Logging:
Log output configuration:
 #0: stdout all=warning uptime,level,tags foldmultilines=false
 #1: stderr all=off uptime,level,tags foldmultilines=false

Environment Variables:
PATH=C:/STS/sts-4.30.0.RELEASE//plugins/org.eclipse.justj.openjdk.hotspot.jre.full.win32.x86_64_21.0.6.v20250130-0529/jre/bin/server;C:/STS/sts-4.30.0.RELEASE//plugins/org.eclipse.justj.openjdk.hotspot.jre.full.win32.x86_64_21.0.6.v20250130-0529/jre/bin;C:\Program Files\Common Files\Oracle\Java\javapath;C:\app\Yashraj\product\21c\dbhomeXE\bin;C:\WINDOWS\system32;C:\WINDOWS;C:\WINDOWS\System32\Wbem;C:\WINDOWS\System32\WindowsPowerShell\v1.0\;C:\WINDOWS\System32\OpenSSH\;C:\MinGW\bin;C:\Program Files\Git\cmd;C:\Program Files\nodejs;C:\Users\Yashraj\AppData\Roaming\npm;C:\Program Files\MySQL\MySQL Server 8.0\bin;C:\Program Files\MongoDB\Server\8.0\bin;C:\Program Files\MongoDB\mongosh-2.5.8-win32-x64\bin;C:\Program Files\Java\jdk-21\bin;C:\Program Files\Microsoft SQL Server\170\Tools\Binn\;C:\Program Files\Microsoft SQL Server\150\Tools\Binn\;C:\Program Files\Microsoft SQL Server\Client SDK\ODBC\170\Tools\Binn\;C:\Program Files\dotnet\;C:\Program Files\MySQL\MySQL Shell 8.0\bin\;C:\Users\Yashraj\AppData\Local\Microsoft\WindowsApps;C:\Users\Yashraj\AppData\Local\Programs\Microsoft VS Code\bin;C:\Users\Yashraj\AppData\Roaming\npm;C:\Program Files\MongoDB\Server\8.0\bin;C:\Users\Yashraj\.dotnet\tools;C:\STS\sts-4.30.0.RELEASE;
USERNAME=Yashraj
OS=Windows_NT
PROCESSOR_IDENTIFIER=Intel64 Family 6 Model 186 Stepping 3, GenuineIntel
TMP=C:\Users\Yashraj\AppData\Local\Temp
TEMP=C:\Users\Yashraj\AppData\Local\Temp




Periodic native trim disabled

---------------  S Y S T E M  ---------------

OS:
 Windows 11 , 64 bit Build 26100 (10.0.26100.7623)
OS uptime: 0 days 2:11 hours
Hyper-V role detected

CPU: total 12 (initial active 12) (6 cores per cpu, 2 threads per core) family 6 model 186 stepping 3 microcode 0x411f, cx8, cmov, fxsr, ht, mmx, 3dnowpref, sse, sse2, sse3, ssse3, sse4.1, sse4.2, popcnt, lzcnt, tsc, tscinvbit, avx, avx2, aes, erms, clmul, bmi1, bmi2, adx, sha, fma, vzeroupper, clflush, clflushopt, clwb, hv, serialize, rdtscp, rdpid, fsrm, f16c, cet_ibt, cet_ss
Processor Information for processor 0
  Max Mhz: 1300, Current Mhz: 1300, Mhz Limit: 1300
Processor Information for processor 1
  Max Mhz: 1300, Current Mhz: 1300, Mhz Limit: 1300
Processor Information for processor 2
  Max Mhz: 1300, Current Mhz: 1300, Mhz Limit: 1300
Processor Information for processor 3
  Max Mhz: 1300, Current Mhz: 1300, Mhz Limit: 1300
Processor Information for processor 4
  Max Mhz: 1300, Current Mhz: 900, Mhz Limit: 897
Processor Information for processor 5
  Max Mhz: 1300, Current Mhz: 900, Mhz Limit: 897
Processor Information for processor 6
  Max Mhz: 1300, Current Mhz: 900, Mhz Limit: 897
Processor Information for processor 7
  Max Mhz: 1300, Current Mhz: 900, Mhz Limit: 897
Processor Information for processor 8
  Max Mhz: 1300, Current Mhz: 900, Mhz Limit: 897
Processor Information for processor 9
  Max Mhz: 1300, Current Mhz: 900, Mhz Limit: 897
Processor Information for processor 10
  Max Mhz: 1300, Current Mhz: 900, Mhz Limit: 897
Processor Information for processor 11
  Max Mhz: 1300, Current Mhz: 900, Mhz Limit: 897

Memory: 4k page, system-wide physical 16067M (2619M free)
TotalPageFile size 18115M (AvailPageFile size 2M)
current process WorkingSet (physical memory assigned to process): 331M, peak: 376M
current process commit charge ("private bytes"): 386M, peak: 439M

vm_info: OpenJDK 64-Bit Server VM (21.0.6+7-LTS) for windows-amd64 JRE (21.0.6+7-LTS), built on 2025-01-21T00:00:00Z by "admin" with MS VC++ 17.7 (VS2022)

END.
